Component: ARM Compiler 5.06 update 6 (build 750) Tool: armlink [4d35ed]

==============================================================================

Section Cross References

    system_stm32f4xx.o(i.SystemCoreClockUpdate) refers to system_stm32f4xx.o(.data) for .data
    system_stm32f4xx.o(i.SystemCoreClockUpdate) refers to system_stm32f4xx.o(.constdata) for .constdata
    ff_gen_drv.o(i.FATFS_GetAttachedDriversNbr) refers to ff_gen_drv.o(.bss) for .bss
    ff_gen_drv.o(i.FATFS_LinkDriver) refers to ff_gen_drv.o(i.FATFS_LinkDriverEx) for FATFS_LinkDriverEx
    ff_gen_drv.o(i.FATFS_LinkDriverEx) refers to ff_gen_drv.o(.bss) for .bss
    ff_gen_drv.o(i.FATFS_UnLinkDriver) refers to ff_gen_drv.o(i.FATFS_UnLinkDriverEx) for FATFS_UnLinkDriverEx
    ff_gen_drv.o(i.FATFS_UnLinkDriverEx) refers to ff_gen_drv.o(.bss) for .bss
    diskio.o(i.disk_initialize) refers to ff_gen_drv.o(.bss) for disk
    diskio.o(i.disk_ioctl) refers to ff_gen_drv.o(.bss) for disk
    diskio.o(i.disk_read) refers to ff_gen_drv.o(.bss) for disk
    diskio.o(i.disk_status) refers to ff_gen_drv.o(.bss) for disk
    diskio.o(i.disk_write) refers to ff_gen_drv.o(.bss) for disk
    sd_diskio.o(i.SD_initialize) refers to bsp_driver_sd.o(i.BSP_SD_Init) for BSP_SD_Init
    sd_diskio.o(i.SD_initialize) refers to sd_diskio.o(.data) for .data
    sd_diskio.o(i.SD_ioctl) refers to bsp_driver_sd.o(i.BSP_SD_GetCardInfo) for BSP_SD_GetCardInfo
    sd_diskio.o(i.SD_ioctl) refers to sd_diskio.o(.data) for .data
    sd_diskio.o(i.SD_read) refers to bsp_driver_sd.o(i.BSP_SD_ReadBlocks) for BSP_SD_ReadBlocks
    sd_diskio.o(i.SD_read) refers to bsp_driver_sd.o(i.BSP_SD_GetCardState) for BSP_SD_GetCardState
    sd_diskio.o(i.SD_status) refers to bsp_driver_sd.o(i.BSP_SD_GetCardState) for BSP_SD_GetCardState
    sd_diskio.o(i.SD_status) refers to sd_diskio.o(.data) for .data
    sd_diskio.o(i.SD_write) refers to bsp_driver_sd.o(i.BSP_SD_WriteBlocks) for BSP_SD_WriteBlocks
    sd_diskio.o(i.SD_write) refers to bsp_driver_sd.o(i.BSP_SD_GetCardState) for BSP_SD_GetCardState
    sd_diskio.o(.constdata) refers to sd_diskio.o(i.SD_initialize) for SD_initialize
    sd_diskio.o(.constdata) refers to sd_diskio.o(i.SD_status) for SD_status
    sd_diskio.o(.constdata) refers to sd_diskio.o(i.SD_read) for SD_read
    sd_diskio.o(.constdata) refers to sd_diskio.o(i.SD_write) for SD_write
    sd_diskio.o(.constdata) refers to sd_diskio.o(i.SD_ioctl) for SD_ioctl
    ff.o(i.check_fs) refers to ff.o(i.move_window) for move_window
    ff.o(i.chk_lock) refers to ff.o(.bss) for .bss
    ff.o(i.clear_lock) refers to ff.o(.bss) for .bss
    ff.o(i.create_chain) refers to ff.o(i.get_fat) for get_fat
    ff.o(i.create_chain) refers to ff.o(i.put_fat) for put_fat
    ff.o(i.create_name) refers to ff.o(i.mem_set) for mem_set
    ff.o(i.create_name) refers to ff.o(.constdata) for .constdata
    ff.o(i.dec_lock) refers to ff.o(.bss) for .bss
    ff.o(i.dir_next) refers to ff.o(i.get_fat) for get_fat
    ff.o(i.dir_next) refers to ff.o(i.create_chain) for create_chain
    ff.o(i.dir_next) refers to ff.o(i.sync_window) for sync_window
    ff.o(i.dir_next) refers to ff.o(i.mem_set) for mem_set
    ff.o(i.dir_next) refers to ff.o(i.clust2sect) for clust2sect
    ff.o(i.dir_read) refers to ff.o(i.move_window) for move_window
    ff.o(i.dir_read) refers to ff.o(i.dir_next) for dir_next
    ff.o(i.dir_register) refers to ff.o(i.dir_sdi) for dir_sdi
    ff.o(i.dir_register) refers to ff.o(i.move_window) for move_window
    ff.o(i.dir_register) refers to ff.o(i.dir_next) for dir_next
    ff.o(i.dir_register) refers to ff.o(i.mem_set) for mem_set
    ff.o(i.dir_register) refers to ff.o(i.mem_cpy) for mem_cpy
    ff.o(i.dir_remove) refers to ff.o(i.dir_sdi) for dir_sdi
    ff.o(i.dir_remove) refers to ff.o(i.move_window) for move_window
    ff.o(i.dir_remove) refers to ff.o(i.mem_set) for mem_set
    ff.o(i.dir_sdi) refers to ff.o(i.get_fat) for get_fat
    ff.o(i.dir_sdi) refers to ff.o(i.clust2sect) for clust2sect
    ff.o(i.f_chmod) refers to ff.o(i.find_volume) for find_volume
    ff.o(i.f_chmod) refers to ff.o(i.follow_path) for follow_path
    ff.o(i.f_chmod) refers to ff.o(i.sync_fs) for sync_fs
    ff.o(i.f_close) refers to ff.o(i.f_sync) for f_sync
    ff.o(i.f_close) refers to ff.o(i.validate) for validate
    ff.o(i.f_close) refers to ff.o(i.dec_lock) for dec_lock
    ff.o(i.f_closedir) refers to ff.o(i.validate) for validate
    ff.o(i.f_closedir) refers to ff.o(i.dec_lock) for dec_lock
    ff.o(i.f_getfree) refers to ff.o(i.find_volume) for find_volume
    ff.o(i.f_getfree) refers to ff.o(i.get_fat) for get_fat
    ff.o(i.f_getfree) refers to ff.o(i.move_window) for move_window
    ff.o(i.f_gets) refers to ff.o(i.f_read) for f_read
    ff.o(i.f_lseek) refers to ff.o(i.validate) for validate
    ff.o(i.f_lseek) refers to ff.o(i.clmt_clust) for clmt_clust
    ff.o(i.f_lseek) refers to ff.o(i.clust2sect) for clust2sect
[...]
    Removing stm32f4xx_hal_uart.o(.rev16_text), (4 bytes).
    Removing stm32f4xx_hal_uart.o(.revsh_text), (4 bytes).
    Removing stm32f4xx_hal_uart.o(.rrx_text), (6 bytes).
    Removing stm32f4xx_hal_uart.o(i.HAL_HalfDuplex_EnableReceiver), (50 bytes).
    Removing stm32f4xx_hal_uart.o(i.HAL_HalfDuplex_EnableTransmitter), (50 bytes).
    Removing stm32f4xx_hal_uart.o(i.HAL_HalfDuplex_Init), (108 bytes).
    Removing stm32f4xx_hal_uart.o(i.HAL_LIN_Init), (128 bytes).
    Removing stm32f4xx_hal_uart.o(i.HAL_LIN_SendBreak), (46 bytes).
    Removing stm32f4xx_hal_uart.o(i.HAL_MultiProcessor_EnterMuteMode), (46 bytes).
    Removing stm32f4xx_hal_uart.o(i.HAL_MultiProcessor_ExitMuteMode), (46 bytes).
    Removing stm32f4xx_hal_uart.o(i.HAL_MultiProcessor_Init), (142 bytes).
    Removing stm32f4xx_hal_uart.o(i.HAL_UART_Abort), (104 bytes).
    Removing stm32f4xx_hal_uart.o(i.HAL_UART_AbortCpltCallback), (2 bytes).
    Removing stm32f4xx_hal_uart.o(i.HAL_UART_AbortReceive), (68 bytes).
    Removing stm32f4xx_hal_uart.o(i.HAL_UART_AbortReceiveCpltCallback), (2 bytes).
    Removing stm32f4xx_hal_uart.o(i.HAL_UART_AbortReceive_IT), (92 bytes).
    Removing stm32f4xx_hal_uart.o(i.HAL_UART_AbortTransmit), (58 bytes).
    Removing stm32f4xx_hal_uart.o(i.HAL_UART_AbortTransmitCpltCallback), (2 bytes).
    Removing stm32f4xx_hal_uart.o(i.HAL_UART_AbortTransmit_IT), (84 bytes).
    Removing stm32f4xx_hal_uart.o(i.HAL_UART_Abort_IT), (172 bytes).
    Removing stm32f4xx_hal_uart.o(i.HAL_UART_DMAPause), (102 bytes).
    Removing stm32f4xx_hal_uart.o(i.HAL_UART_DMAResume), (94 bytes).
    Removing stm32f4xx_hal_uart.o(i.HAL_UART_DMAStop), (88 bytes).
    Removing stm32f4xx_hal_uart.o(i.HAL_UART_DeInit), (40 bytes).
    Removing stm32f4xx_hal_uart.o(i.HAL_UART_ErrorCallback), (2 bytes).
    Removing stm32f4xx_hal_uart.o(i.HAL_UART_GetError), (4 bytes).
    Removing stm32f4xx_hal_uart.o(i.HAL_UART_GetState), (10 bytes).
    Removing stm32f4xx_hal_uart.o(i.HAL_UART_IRQHandler), (272 bytes).
    Removing stm32f4xx_hal_uart.o(i.HAL_UART_MspDeInit), (2 bytes).
    Removing stm32f4xx_hal_uart.o(i.HAL_UART_MspInit), (2 bytes).
    Removing stm32f4xx_hal_uart.o(i.HAL_UART_Receive), (184 bytes).
    Removing stm32f4xx_hal_uart.o(i.HAL_UART_Receive_DMA), (152 bytes).
    Removing stm32f4xx_hal_uart.o(i.HAL_UART_Receive_IT), (72 bytes).
    Removing stm32f4xx_hal_uart.o(i.HAL_UART_RxCpltCallback), (2 bytes).
    Removing stm32f4xx_hal_uart.o(i.HAL_UART_RxHalfCpltCallback), (2 bytes).
    Removing stm32f4xx_hal_uart.o(i.HAL_UART_Transmit_DMA), (128 bytes).
    Removing stm32f4xx_hal_uart.o(i.HAL_UART_Transmit_IT), (62 bytes).
    Removing stm32f4xx_hal_uart.o(i.HAL_UART_TxCpltCallback), (2 bytes).
    Removing stm32f4xx_hal_uart.o(i.HAL_UART_TxHalfCpltCallback), (2 bytes).
    Removing stm32f4xx_hal_uart.o(i.UART_DMAAbortOnError), (16 bytes).
    Removing stm32f4xx_hal_uart.o(i.UART_DMAError), (74 bytes).
    Removing stm32f4xx_hal_uart.o(i.UART_DMAReceiveCplt), (60 bytes).
    Removing stm32f4xx_hal_uart.o(i.UART_DMARxAbortCallback), (42 bytes).
    Removing stm32f4xx_hal_uart.o(i.UART_DMARxHalfCplt), (10 bytes).
    Removing stm32f4xx_hal_uart.o(i.UART_DMARxOnlyAbortCallback), (20 bytes).
    Removing stm32f4xx_hal_uart.o(i.UART_DMATransmitCplt), (46 bytes).
    Removing stm32f4xx_hal_uart.o(i.UART_DMATxAbortCallback), (42 bytes).
    Removing stm32f4xx_hal_uart.o(i.UART_DMATxHalfCplt), (10 bytes).
    Removing stm32f4xx_hal_uart.o(i.UART_DMATxOnlyAbortCallback), (20 bytes).
    Removing stm32f4xx_hal_uart.o(i.UART_EndRxTransfer), (28 bytes).
    Removing stm32f4xx_hal_uart.o(i.UART_EndTxTransfer), (18 bytes).
    Removing stm32f4xx_hal_uart.o(i.UART_Receive_IT), (140 bytes).
    Removing stm32f4xx_hal_uart.o(i.UART_Transmit_IT), (98 bytes).

370 unused section(s) (total 24789 bytes) removed from the image.

==============================================================================

Image Symbol Table

    Local Symbols

    Symbol Name                              Value     Ov Type        Size  Object(Section)

    ../Drivers/STM32F4xx_HAL_Driver/Src/stm32f4xx_hal.c 0x00000000   Number         0  stm32f4xx_hal.o ABSOLUTE
    ../Drivers/STM32F4xx_HAL_Driver/Src/stm32f4xx_hal_adc.c 0x00000000   Number         0  stm32f4xx_hal_adc.o ABSOLUTE
    ../Drivers/STM32F4xx_HAL_Driver/Src/stm32f4xx_hal_adc_ex.c 0x00000000   Number         0  stm32f4xx_hal_adc_ex.o ABSOLUTE
    ../Drivers/STM32F4xx_HAL_Driver/Src/stm32f4xx_hal_cortex.c 0x00000000   Number         0  stm32f4xx_hal_cortex.o ABSOLUTE
    ../Drivers/STM32F4xx_HAL_Driver/Src/stm32f4xx_hal_dma.c 0x00000000   Number         0  stm32f4xx_hal_dma.o ABSOLUTE
    ../Drivers/STM32F4xx_HAL_Driver/Src/stm32f4xx_hal_dma_ex.c 0x00000000   Number         0  stm32f4xx_hal_dma_ex.o ABSOLUTE
    ../Drivers/STM32F4xx_HAL_Driver/Src/stm32f4xx_hal_flash.c 0x00000000   Number         0  stm32f4xx_hal_flash.o ABSOLUTE
    ../Drivers/STM32F4xx_HAL_Driver/Src/stm32f4xx_hal_flash_ex.c 0x00000000   Number         0  stm32f4xx_hal_flash_ex.o ABSOLUTE
    ../Drivers/STM32F4xx_HAL_Driver/Src/stm32f4xx_hal_flash_ramfunc.c 0x00000000   Number         0  stm32f4xx_hal_flash_ramfunc.o ABSOLUTE
    ../Drivers/STM32F4xx_HAL_Driver/Src/stm32f4xx_hal_gpio.c 0x00000000   Number         0  stm32f4xx_hal_gpio.o ABSOLUTE
    ../Drivers/STM32F4xx_HAL_Driver/Src/stm32f4xx_hal_pwr.c 0x00000000   Number         0  stm32f4xx_hal_pwr.o ABSOLUTE
    ../Drivers/STM32F4xx_HAL_Driver/Src/stm32f4xx_hal_pwr_ex.c 0x00000000   Number         0  stm32f4xx_hal_pwr_ex.o ABSOLUTE
    ../Drivers/STM32F4xx_HAL_Driver/Src/stm32f4xx_hal_rcc.c 0x00000000   Number         0  stm32f4xx_hal_rcc.o ABSOLUTE
    ../Drivers/STM32F4xx_HAL_Driver/Src/stm32f4xx_hal_rcc_ex.c 0x00000000   Number         0  stm32f4xx_hal_rcc_ex.o ABSOLUTE
    ../Drivers/STM32F4xx_HAL_Driver/Src/stm32f4xx_hal_sd.c 0x00000000   Number         0  stm32f4xx_hal_sd.o ABSOLUTE
    ../Drivers/STM32F4xx_HAL_Driver/Src/stm32f4xx_hal_tim.c 0x00000000   Number         0  stm32f4xx_hal_tim.o ABSOLUTE
    ../Drivers/STM32F4xx_HAL_Driver/Src/stm32f4xx_hal_tim_ex.c 0x00000000   Number         0  stm32f4xx_hal_tim_ex.o ABSOLUTE
    ../Drivers/STM32F4xx_HAL_Driver/Src/stm32f4xx_hal_uart.c 0x00000000   Number         0  stm32f4xx_hal_uart.o ABSOLUTE
    ../Drivers/STM32F4xx_HAL_Driver/Src/stm32f4xx_ll_sdmmc.c 0x00000000   Number         0  stm32f4xx_ll_sdmmc.o ABSOLUTE
    ../Middlewares/Third_Party/FatFs/src/diskio.c 0x00000000   Number         0  diskio.o ABSOLUTE
    ../Middlewares/Third_Party/FatFs/src/drivers/sd_diskio.c 0x00000000   Number         0  sd_diskio.o ABSOLUTE
    ../Middlewares/Third_Party/FatFs/src/ff.c 0x00000000   Number         0  ff.o ABSOLUTE
    ../Middlewares/Third_Party/FatFs/src/ff_gen_drv.c 0x00000000   Number         0  ff_gen_drv.o ABSOLUTE
    ../Middlewares/Third_Party/FatFs/src/option/syscall.c 0x00000000   Number         0  syscall.o ABSOLUTE
    ../Src/bsp_driver_sd.c                   0x00000000   Number         0  bsp_driver_sd.o ABSOLUTE
    ../Src/fatfs.c                           0x00000000   Number         0  fatfs.o ABSOLUTE
    ../Src/main.c                            0x00000000   Number         0  main.o ABSOLUTE
    ../Src/stm32f4xx_hal_msp.c               0x00000000   Number         0  stm32f4xx_hal_msp.o ABSOLUTE
    ../Src/stm32f4xx_it.c                    0x00000000   Number         0  stm32f4xx_it.o ABSOLUTE
    ../Src/system_stm32f4xx.c                0x00000000   Number         0  system_stm32f4xx.o ABSOLUTE
    ../clib/../cmprslib/lz77c.c              0x00000000   Number         0  __dclz77c.o ABSOLUTE
    ../clib/microlib/init/entry.s            0x00000000   Number         0  entry11b.o ABSOLUTE
    ../clib/microlib/init/entry.s            0x00000000   Number         0  entry9a.o ABSOLUTE
    ../clib/microlib/init/entry.s            0x00000000   Number         0  entry9b.o ABSOLUTE
    ../clib/microlib/init/entry.s            0x00000000   Number         0  entry10a.o ABSOLUTE
    ../clib/microlib/init/entry.s            0x00000000   Number         0  entry.o ABSOLUTE
    ../clib/microlib/init/entry.s            0x00000000   Number         0  entry10b.o ABSOLUTE
    ../clib/microlib/init/entry.s            0x00000000   Number         0  entry11a.o ABSOLUTE
    ../clib/microlib/init/entry.s            0x00000000   Number         0  entry2.o ABSOLUTE
    ../clib/microlib/init/entry.s            0x00000000   Number         0  entry5.o ABSOLUTE
    ../clib/microlib/init/entry.s            0x00000000   Number         0  entry7a.o ABSOLUTE
    ../clib/microlib/init/entry.s            0x00000000   Number         0  entry7b.o ABSOLUTE
    ../clib/microlib/init/entry.s            0x00000000   Number         0  entry8b.o ABSOLUTE
    ../clib/microlib/init/entry.s            0x00000000   Number         0  entry8a.o ABSOLUTE
    ../clib/microlib/malloc/malloc.c         0x00000000   Number         0  malloc.o ABSOLUTE
    ../clib/microlib/malloc/malloc.c         0x00000000   Number         0  mallocra.o ABSOLUTE
    ../clib/microlib/malloc/malloc.c         0x00000000   Number         0  malloca.o ABSOLUTE
    ../clib/microlib/malloc/malloc.c         0x00000000   Number         0  mallocr.o ABSOLUTE
    ../clib/microlib/malloc/mvars.c          0x00000000   Number         0  mvars.o ABSOLUTE
    ../clib/microlib/string/memcpy.c         0x00000000   Number         0  memcpyb.o ABSOLUTE
    ../clib/microlib/string/memcpy.c         0x00000000   Number         0  memcpya.o ABSOLUTE
    ../clib/microlib/string/strcat.c         0x00000000   Number         0  strcat.o ABSOLUTE
    ..\Drivers\STM32F4xx_HAL_Driver\Src\stm32f4xx_hal.c 0x00000000   Number         0  stm32f4xx_hal.o ABSOLUTE
    ..\Drivers\STM32F4xx_HAL_Driver\Src\stm32f4xx_hal_adc.c 0x00000000   Number         0  stm32f4xx_hal_adc.o ABSOLUTE
    ..\Drivers\STM32F4xx_HAL_Driver\Src\stm32f4xx_hal_adc_ex.c 0x00000000   Number         0  stm32f4xx_hal_adc_ex.o ABSOLUTE
    ..\Drivers\STM32F4xx_HAL_Driver\Src\stm32f4xx_hal_cortex.c 0x00000000   Number         0  stm32f4xx_hal_cortex.o ABSOLUTE
    ..\Drivers\STM32F4xx_HAL_Driver\Src\stm32f4xx_hal_dma.c 0x00000000   Number         0  stm32f4xx_hal_dma.o ABSOLUTE
    ..\Drivers\STM32F4xx_HAL_Driver\Src\stm32f4xx_hal_dma_ex.c 0x00000000   Number         0  stm32f4xx_hal_dma_ex.o ABSOLUTE
    ..\Drivers\STM32F4xx_HAL_Driver\Src\stm32f4xx_hal_flash.c 0x00000000   Number         0  stm32f4xx_hal_flash.o ABSOLUTE
    ..\Drivers\STM32F4xx_HAL_Driver\Src\stm32f4xx_hal_flash_ex.c 0x00000000   Number         0  stm32f4xx_hal_flash_ex.o ABSOLUTE
    ..\Drivers\STM32F4xx_HAL_Driver\Src\stm32f4xx_hal_flash_ramfunc.c 0x00000000   Number         0  stm32f4xx_hal_flash_ramfunc.o ABSOLUTE
    ..\Drivers\STM32F4xx_HAL_Driver\Src\stm32f4xx_hal_gpio.c 0x00000000   Number         0  stm32f4xx_hal_gpio.o ABSOLUTE
    ..\Drivers\STM32F4xx_HAL_Driver\Src\stm32f4xx_hal_pwr.c 0x00000000   Number         0  stm32f4xx_hal_pwr.o ABSOLUTE
    ..\Drivers\STM32F4xx_HAL_Driver\Src\stm32f4xx_hal_pwr_ex.c 0x00000000   Number         0  stm32f4xx_hal_pwr_ex.o ABSOLUTE
    ..\Drivers\STM32F4xx_HAL_Driver\Src\stm32f4xx_hal_rcc.c 0x00000000   Number         0  stm32f4xx_hal_rcc.o ABSOLUTE
    ..\Drivers\STM32F4xx_HAL_Driver\Src\stm32f4xx_hal_rcc_ex.c 0x00000000   Number         0  stm32f4xx_hal_rcc_ex.o ABSOLUTE
    ..\Drivers\STM32F4xx_HAL_Driver\Src\stm32f4xx_hal_sd.c 0x00000000   Number         0  stm32f4xx_hal_sd.o ABSOLUTE
    ..\Drivers\STM32F4xx_HAL_Driver\Src\stm32f4xx_hal_tim.c 0x00000000   Number         0  stm32f4xx_hal_tim.o ABSOLUTE
    ..\Drivers\STM32F4xx_HAL_Driver\Src\stm32f4xx_hal_tim_ex.c 0x00000000   Number         0  stm32f4xx_hal_tim_ex.o ABSOLUTE
    ..\Drivers\STM32F4xx_HAL_Driver\Src\stm32f4xx_hal_uart.c 0x00000000   Number         0  stm32f4xx_hal_uart.o ABSOLUTE
    ..\Drivers\STM32F4xx_HAL_Driver\Src\stm32f4xx_ll_sdmmc.c 0x00000000   Number         0  stm32f4xx_ll_sdmmc.o ABSOLUTE
    ..\Middlewares\Third_Party\FatFs\src\diskio.c 0x00000000   Number         0  diskio.o ABSOLUTE
    ..\Middlewares\Third_Party\FatFs\src\drivers\sd_diskio.c 0x00000000   Number         0  sd_diskio.o ABSOLUTE
    ..\Middlewares\Third_Party\FatFs\src\ff.c 0x00000000   Number         0  ff.o ABSOLUTE
    ..\Middlewares\Third_Party\FatFs\src\ff_gen_drv.c 0x00000000   Number         0  ff_gen_drv.o ABSOLUTE
    ..\Middlewares\Third_Party\FatFs\src\option\syscall.c 0x00000000   Number         0  syscall.o ABSOLUTE
    ..\Src\bsp_driver_sd.c                   0x00000000   Number         0  bsp_driver_sd.o ABSOLUTE
    ..\Src\fatfs.c                           0x00000000   Number         0  fatfs.o ABSOLUTE
    ..\Src\main.c                            0x00000000   Number         0  main.o ABSOLUTE
    ..\Src\stm32f4xx_hal_msp.c               0x00000000   Number         0  stm32f4xx_hal_msp.o ABSOLUTE
    ..\Src\stm32f4xx_it.c                    0x00000000   Number         0  stm32f4xx_it.o ABSOLUTE
    ..\Src\system_stm32f4xx.c                0x00000000   Number         0  system_stm32f4xx.o ABSOLUTE
    dc.s                                     0x00000000   Number         0  dc.o ABSOLUTE
    handlers.s                               0x00000000   Number         0  handlers.o ABSOLUTE
    init.s                                   0x00000000   Number         0  init.o ABSOLUTE
    startup_stm32f405xx.s                    0x00000000   Number         0  startup_stm32f405xx.o ABSOLUTE
    RESET                                    0x08000000   Section      392  startup_stm32f405xx.o(RESET)
    .ARM.Collect$$$$00000000                 0x08000188   Section        0  entry.o(.ARM.Collect$$$$00000000)
    .ARM.Collect$$$$00000001                 0x08000188   Section        4  entry2.o(.ARM.Collect$$$$00000001)
    .ARM.Collect$$$$00000004                 0x0800018c   Section        4  entry5.o(.ARM.Collect$$$$00000004)
    .ARM.Collect$$$$00000008                 0x08000190   Section        0  entry7b.o(.ARM.Collect$$$$00000008)
    .ARM.Collect$$$$0000000A                 0x08000190   Section        0  entry8b.o(.ARM.Collect$$$$0000000A)
    .ARM.Collect$$$$0000000B                 0x08000190   Section        8  entry9a.o(.ARM.Collect$$$$0000000B)
    .ARM.Collect$$$$0000000D                 0x08000198   Section        0  entry10a.o(.ARM.Collect$$$$0000000D)
    .ARM.Collect$$$$0000000F                 0x08000198   Section        0  entry11a.o(.ARM.Collect$$$$0000000F)
    .ARM.Collect$$$$00002712                 0x08000198   Section        4  entry2.o(.ARM.Collect$$$$00002712)
    __lit__00000000                          0x08000198   Data           4  entry2.o(.ARM.Collect$$$$00002712)
    .text                                    0x0800019c   Section       36  startup_stm32f405xx.o(.text)
    $v0                                      0x0800019c   Number         0  startup_stm32f405xx.o(.text)
    .text                                    0x080001c0   Section        0  strcat.o(.text)
    .text                                    0x080001d8   Section       36  init.o(.text)
    .text                                    0x080001fc   Section        0  __dclz77c.o(.text)
    i.ADC_Init                               0x0800025c   Section        0  stm32f4xx_hal_adc.o(i.ADC_Init)
    ADC_Init                                 0x0800025d   Thumb Code   292  stm32f4xx_hal_adc.o(i.ADC_Init)
    i.AES_Encrypt                            0x08000388   Section        0  main.o(i.AES_Encrypt)
    i.AddRoundKey                            0x08000400   Section        0  main.o(i.AddRoundKey)
    i.BSP_SD_GetCardInfo                     0x08000414   Section        0  bsp_driver_sd.o(i.BSP_SD_GetCardInfo)
    i.BSP_SD_GetCardState                    0x08000420   Section        0  bsp_driver_sd.o(i.BSP_SD_GetCardState)
    i.BSP_SD_Init                            0x08000438   Section        0  bsp_driver_sd.o(i.BSP_SD_Init)
    i.BSP_SD_ReadBlocks                      0x0800045c   Section        0  bsp_driver_sd.o(i.BSP_SD_ReadBlocks)
    i.BSP_SD_WriteBlocks                     0x0800047c   Section        0  bsp_driver_sd.o(i.BSP_SD_WriteBlocks)
    i.BusFault_Handler                       0x0800049c   Section        0  stm32f4xx_it.o(i.BusFault_Handler)
    i.DMA1_Stream5_IRQHandler                0x080004a0   Section        0  stm32f4xx_it.o(i.DMA1_Stream5_IRQHandler)
    i.DMA1_Stream6_IRQHandler                0x080004ac   Section        0  stm32f4xx_it.o(i.DMA1_Stream6_IRQHandler)
    i.DMA_CalcBaseAndBitshift                0x080004b8   Section        0  stm32f4xx_hal_dma.o(i.DMA_CalcBaseAndBitshift)
    DMA_CalcBaseAndBitshift                  0x080004b9   Thumb Code    34  stm32f4xx_hal_dma.o(i.DMA_CalcBaseAndBitshift)
    i.DMA_CheckFifoParam                     0x080004e0   Section        0  stm32f4xx_hal_dma.o(i.DMA_CheckFifoParam)
    DMA_CheckFifoParam                       0x080004e1   Thumb Code    84  stm32f4xx_hal_dma.o(i.DMA_CheckFifoParam)
    i.DebugMon_Handler                       0x08000534   Section        0  stm32f4xx_it.o(i.DebugMon_Handler)
    i.EXTI9_5_IRQHandler                     0x08000536   Section        0  stm32f4xx_it.o(i.EXTI9_5_IRQHandler)
    i.FATFS_LinkDriver                       0x0800053e   Section        0  ff_gen_drv.o(i.FATFS_LinkDriver)
    i.FATFS_LinkDriverEx                     0x08000544   Section        0  ff_gen_drv.o(i.FATFS_LinkDriverEx)
    i.HAL_ADC_ConfigChannel                  0x08000584   Section        0  stm32f4xx_hal_adc.o(i.HAL_ADC_ConfigChannel)
    i.HAL_ADC_GetValue                       0x080006d0   Section        0  stm32f4xx_hal_adc.o(i.HAL_ADC_GetValue)
    i.HAL_ADC_Init                           0x080006d6   Section        0  stm32f4xx_hal_adc.o(i.HAL_ADC_Init)
    i.HAL_ADC_MspInit                        0x0800072c   Section        0  stm32f4xx_hal_msp.o(i.HAL_ADC_MspInit)
    i.HAL_ADC_PollForConversion              0x08000770   Section        0  stm32f4xx_hal_adc.o(i.HAL_ADC_PollForConversion)
    i.HAL_ADC_Start                          0x08000814   Section        0  stm32f4xx_hal_adc.o(i.HAL_ADC_Start)
    i.HAL_ADC_Stop                           0x080008d0   Section        0  stm32f4xx_hal_adc.o(i.HAL_ADC_Stop)
    i.HAL_DMA_IRQHandler                     0x0800090c   Section        0  stm32f4xx_hal_dma.o(i.HAL_DMA_IRQHandler)
    i.HAL_DMA_Init                           0x08000ab4   Section        0  stm32f4xx_hal_dma.o(i.HAL_DMA_Init)
    i.HAL_Delay                              0x08000b88   Section        0  stm32f4xx_hal.o(i.HAL_Delay)
    i.HAL_GPIO_EXTI_Callback                 0x08000ba4   Section        0  stm32f4xx_hal_gpio.o(i.HAL_GPIO_EXTI_Callback)
    i.HAL_GPIO_EXTI_IRQHandler               0x08000ba8   Section        0  stm32f4xx_hal_gpio.o(i.HAL_GPIO_EXTI_IRQHandler)
    i.HAL_GPIO_Init                          0x08000bc0   Section        0  stm32f4xx_hal_gpio.o(i.HAL_GPIO_Init)
    i.HAL_GPIO_TogglePin                     0x08000d70   Section        0  stm32f4xx_hal_gpio.o(i.HAL_GPIO_TogglePin)
    i.HAL_GPIO_WritePin                      0x08000d78   Section        0  stm32f4xx_hal_gpio.o(i.HAL_GPIO_WritePin)
    i.HAL_GetTick                            0x08000d84   Section        0  stm32f4xx_hal.o(i.HAL_GetTick)
    i.HAL_IncTick                            0x08000d90   Section        0  stm32f4xx_hal.o(i.HAL_IncTick)
    i.HAL_Init                               0x08000da0   Section        0  stm32f4xx_hal.o(i.HAL_Init)
    i.HAL_InitTick                           0x08000dd4   Section        0  stm32f4xx_hal.o(i.HAL_InitTick)
    i.HAL_MspInit                            0x08000dfc   Section        0  stm32f4xx_hal_msp.o(i.HAL_MspInit)
    i.HAL_NVIC_EnableIRQ                     0x08000e54   Section        0  stm32f4xx_hal_cortex.o(i.HAL_NVIC_EnableIRQ)
    i.HAL_NVIC_SetPriority                   0x08000e6c   Section        0  stm32f4xx_hal_cortex.o(i.HAL_NVIC_SetPriority)
    i.HAL_NVIC_SetPriorityGrouping           0x08000eac   Section        0  stm32f4xx_hal_cortex.o(i.HAL_NVIC_SetPriorityGrouping)
    i.HAL_RCC_ClockConfig                    0x08000ed0   Section        0  stm32f4xx_hal_rcc.o(i.HAL_RCC_ClockConfig)
    i.HAL_RCC_GetHCLKFreq                    0x0800104c   Section        0  stm32f4xx_hal_rcc.o(i.HAL_RCC_GetHCLKFreq)
    i.HAL_RCC_GetPCLK1Freq                   0x08001058   Section        0  stm32f4xx_hal_rcc.o(i.HAL_RCC_GetPCLK1Freq)
    i.HAL_RCC_GetPCLK2Freq                   0x08001088   Section        0  stm32f4xx_hal_rcc.o(i.HAL_RCC_GetPCLK2Freq)
    i.HAL_RCC_GetSysClockFreq                0x080010b8   Section        0  stm32f4xx_hal_rcc.o(i.HAL_RCC_GetSysClockFreq)
    i.HAL_RCC_OscConfig                      0x0800112c   Section        0  stm32f4xx_hal_rcc.o(i.HAL_RCC_OscConfig)
    i.HAL_SD_GetCardCSD                      0x08001440   Section        0  stm32f4xx_hal_sd.o(i.HAL_SD_GetCardCSD)
    i.HAL_SD_GetCardInfo                     0x0800161a   Section        0  stm32f4xx_hal_sd.o(i.HAL_SD_GetCardInfo)
    i.HAL_SD_GetCardState                    0x0800163e   Section        0  stm32f4xx_hal_sd.o(i.HAL_SD_GetCardState)
    i.HAL_SD_Init                            0x0800166a   Section        0  stm32f4xx_hal_sd.o(i.HAL_SD_Init)
    i.HAL_SD_InitCard                        0x080016a0   Section        0  stm32f4xx_hal_sd.o(i.HAL_SD_InitCard)
    i.HAL_SD_MspInit                         0x080016f4   Section        0  stm32f4xx_hal_msp.o(i.HAL_SD_MspInit)
    i.HAL_SD_ReadBlocks                      0x08001758   Section        0  stm32f4xx_hal_sd.o(i.HAL_SD_ReadBlocks)
    i.HAL_SD_WriteBlocks                     0x0800190c   Section        0  stm32f4xx_hal_sd.o(i.HAL_SD_WriteBlocks)
    i.HAL_SYSTICK_CLKSourceConfig            0x08001aa6   Section        0  stm32f4xx_hal_cortex.o(i.HAL_SYSTICK_CLKSourceConfig)
    i.HAL_SYSTICK_Callback                   0x08001abe   Section        0  stm32f4xx_hal_cortex.o(i.HAL_SYSTICK_Callback)
    i.HAL_SYSTICK_Config                     0x08001ac0   Section        0  stm32f4xx_hal_cortex.o(i.HAL_SYSTICK_Config)
    i.HAL_SYSTICK_IRQHandler                 0x08001ae8   Section        0  stm32f4xx_hal_cortex.o(i.HAL_SYSTICK_IRQHandler)
    i.HAL_UART_Init                          0x08001af0   Section        0  stm32f4xx_hal_uart.o(i.HAL_UART_Init)
    i.HAL_UART_MspInit                       0x08001b54   Section        0  stm32f4xx_hal_msp.o(i.HAL_UART_MspInit)
    i.HAL_UART_Transmit                      0x08001c38   Section        0  stm32f4xx_hal_uart.o(i.HAL_UART_Transmit)
    i.HardFault_Handler                      0x08001cf2   Section        0  stm32f4xx_it.o(i.HardFault_Handler)
    i.KeyExpansion                           0x08001cf4   Section        0  main.o(i.KeyExpansion)
    i.KeyExpansionCore                       0x08001d48   Section        0  main.o(i.KeyExpansionCore)
    i.MX_ADC1_Init                           0x08001d80   Section        0  main.o(i.MX_ADC1_Init)
    MX_ADC1_Init                             0x08001d81   Thumb Code    68  main.o(i.MX_ADC1_Init)
    i.MX_FATFS_Init                          0x08001dd0   Section        0  fatfs.o(i.MX_FATFS_Init)
    i.MX_GPIO_Init                           0x08001dec   Section        0  main.o(i.MX_GPIO_Init)
    MX_GPIO_Init                             0x08001ded   Thumb Code   126  main.o(i.MX_GPIO_Init)
    i.MemManage_Handler                      0x08001e78   Section        0  stm32f4xx_it.o(i.MemManage_Handler)
    i.MixColumns                             0x08001e7c   Section        0  main.o(i.MixColumns)
    i.NMI_Handler                            0x08001fe8   Section        0  stm32f4xx_it.o(i.NMI_Handler)
    i.NVIC_SetPriority                       0x08001fea   Section        0  stm32f4xx_hal_cortex.o(i.NVIC_SetPriority)
    NVIC_SetPriority                         0x08001feb   Thumb Code    32  stm32f4xx_hal_cortex.o(i.NVIC_SetPriority)
    i.PendSV_Handler                         0x0800200a   Section        0  stm32f4xx_it.o(i.PendSV_Handler)
    i.PrintHex                               0x0800200c   Section        0  main.o(i.PrintHex)
    i.SDIO_ConfigData                        0x08002088   Section        0  stm32f4xx_ll_sdmmc.o(i.SDIO_ConfigData)
    i.SDIO_GetPowerState                     0x080020ac   Section        0  stm32f4xx_ll_sdmmc.o(i.SDIO_GetPowerState)
    i.SDIO_GetResponse                       0x080020b4   Section        0  stm32f4xx_ll_sdmmc.o(i.SDIO_GetResponse)
    i.SDIO_Init                              0x080020c0   Section        0  stm32f4xx_ll_sdmmc.o(i.SDIO_Init)
    i.SDIO_PowerState_ON                     0x080020e4   Section        0  stm32f4xx_ll_sdmmc.o(i.SDIO_PowerState_ON)
    i.SDIO_ReadFIFO                          0x080020ec   Section        0  stm32f4xx_ll_sdmmc.o(i.SDIO_ReadFIFO)
    i.SDIO_SendCommand                       0x080020f2   Section        0  stm32f4xx_ll_sdmmc.o(i.SDIO_SendCommand)
    i.SDIO_WriteFIFO                         0x08002112   Section        0  stm32f4xx_ll_sdmmc.o(i.SDIO_WriteFIFO)
    i.SDMMC_CmdAppCommand                    0x0800211c   Section        0  stm32f4xx_ll_sdmmc.o(i.SDMMC_CmdAppCommand)
    i.SDMMC_CmdAppOperCommand                0x08002150   Section        0  stm32f4xx_ll_sdmmc.o(i.SDMMC_CmdAppOperCommand)
    i.SDMMC_CmdBlockLength                   0x08002184   Section        0  stm32f4xx_ll_sdmmc.o(i.SDMMC_CmdBlockLength)
    i.SDMMC_CmdGoIdleState                   0x080021b8   Section        0  stm32f4xx_ll_sdmmc.o(i.SDMMC_CmdGoIdleState)
    i.SDMMC_CmdOperCond                      0x08002208   Section        0  stm32f4xx_ll_sdmmc.o(i.SDMMC_CmdOperCond)
    i.SDMMC_CmdReadMultiBlock                0x08002270   Section        0  stm32f4xx_ll_sdmmc.o(i.SDMMC_CmdReadMultiBlock)
    i.SDMMC_CmdReadSingleBlock               0x080022a2   Section        0  stm32f4xx_ll_sdmmc.o(i.SDMMC_CmdReadSingleBlock)
    i.SDMMC_CmdSelDesel                      0x080022d4   Section        0  stm32f4xx_ll_sdmmc.o(i.SDMMC_CmdSelDesel)
    i.SDMMC_CmdSendCID                       0x08002306   Section        0  stm32f4xx_ll_sdmmc.o(i.SDMMC_CmdSendCID)
    i.SDMMC_CmdSendCSD                       0x08002332   Section        0  stm32f4xx_ll_sdmmc.o(i.SDMMC_CmdSendCSD)
    i.SDMMC_CmdSendStatus                    0x0800235e   Section        0  stm32f4xx_ll_sdmmc.o(i.SDMMC_CmdSendStatus)
    i.SDMMC_CmdSetRelAdd                     0x08002390   Section        0  stm32f4xx_ll_sdmmc.o(i.SDMMC_CmdSetRelAdd)
    i.SDMMC_CmdStopTransfer                  0x080023c0   Section        0  stm32f4xx_ll_sdmmc.o(i.SDMMC_CmdStopTransfer)
    i.SDMMC_CmdWriteMultiBlock               0x080023f4   Section        0  stm32f4xx_ll_sdmmc.o(i.SDMMC_CmdWriteMultiBlock)
    i.SDMMC_CmdWriteSingleBlock              0x08002426   Section        0  stm32f4xx_ll_sdmmc.o(i.SDMMC_CmdWriteSingleBlock)
    i.SDMMC_GetCmdResp1                      0x08002458   Section        0  stm32f4xx_ll_sdmmc.o(i.SDMMC_GetCmdResp1)
    SDMMC_GetCmdResp1                        0x08002459   Thumb Code   276  stm32f4xx_ll_sdmmc.o(i.SDMMC_GetCmdResp1)
    i.SDMMC_GetCmdResp2                      0x08002574   Section        0  stm32f4xx_ll_sdmmc.o(i.SDMMC_GetCmdResp2)
    SDMMC_GetCmdResp2                        0x08002575   Thumb Code    74  stm32f4xx_ll_sdmmc.o(i.SDMMC_GetCmdResp2)
    i.SDMMC_GetCmdResp3                      0x080025c4   Section        0  stm32f4xx_ll_sdmmc.o(i.SDMMC_GetCmdResp3)
    SDMMC_GetCmdResp3                        0x080025c5   Thumb Code    60  stm32f4xx_ll_sdmmc.o(i.SDMMC_GetCmdResp3)
    i.SDMMC_GetCmdResp6                      0x08002604   Section        0  stm32f4xx_ll_sdmmc.o(i.SDMMC_GetCmdResp6)
    SDMMC_GetCmdResp6                        0x08002605   Thumb Code   128  stm32f4xx_ll_sdmmc.o(i.SDMMC_GetCmdResp6)
    i.SD_InitCard                            0x08002688   Section        0  stm32f4xx_hal_sd.o(i.SD_InitCard)
    SD_InitCard                              0x08002689   Thumb Code   230  stm32f4xx_hal_sd.o(i.SD_InitCard)
    i.SD_PowerON                             0x0800276e   Section        0  stm32f4xx_hal_sd.o(i.SD_PowerON)
    SD_PowerON                               0x0800276f   Thumb Code   162  stm32f4xx_hal_sd.o(i.SD_PowerON)
    i.SD_initialize                          0x08002810   Section        0  sd_diskio.o(i.SD_initialize)
    i.SD_ioctl                               0x08002830   Section        0  sd_diskio.o(i.SD_ioctl)
    i.SD_read                                0x08002880   Section        0  sd_diskio.o(i.SD_read)
    i.SD_status                              0x080028bc   Section        0  sd_diskio.o(i.SD_status)
    i.SD_write                               0x080028dc   Section        0  sd_diskio.o(i.SD_write)
    i.SVC_Handler                            0x08002918   Section        0  stm32f4xx_it.o(i.SVC_Handler)
    i.ShiftRows                              0x0800291a   Section        0  main.o(i.ShiftRows)
    i.SubBytes                               0x0800298c   Section        0  main.o(i.SubBytes)
    i.SysTick_Handler                        0x080029a4   Section        0  stm32f4xx_it.o(i.SysTick_Handler)
    i.SystemClock_Config                     0x080029b4   Section        0  main.o(i.SystemClock_Config)
    i.SystemInit                             0x08002a48   Section        0  system_stm32f4xx.o(i.SystemInit)
    i.UART_SetConfig                         0x08002a9c   Section        0  stm32f4xx_hal_uart.o(i.UART_SetConfig)
    UART_SetConfig                           0x08002a9d   Thumb Code   676  stm32f4xx_hal_uart.o(i.UART_SetConfig)
    i.UART_WaitOnFlagUntilTimeout            0x08002d48   Section        0  stm32f4xx_hal_uart.o(i.UART_WaitOnFlagUntilTimeout)
    UART_WaitOnFlagUntilTimeout              0x08002d49   Thumb Code   100  stm32f4xx_hal_uart.o(i.UART_WaitOnFlagUntilTimeout)
    i.UsageFault_Handler                     0x08002dac   Section        0  stm32f4xx_it.o(i.UsageFault_Handler)
    i._Error_Handler                         0x08002dae   Section        0  main.o(i._Error_Handler)
    i.__scatterload_copy                     0x08002db0   Section       14  handlers.o(i.__scatterload_copy)
    i.__scatterload_null                     0x08002dbe   Section        2  handlers.o(i.__scatterload_null)
    i.__scatterload_zeroinit                 0x08002dc0   Section       14  handlers.o(i.__scatterload_zeroinit)
    i.check_fs                               0x08002dd0   Section        0  ff.o(i.check_fs)
    check_fs                                 0x08002dd1   Thumb Code    90  ff.o(i.check_fs)
    i.chk_lock                               0x08002e30   Section        0  ff.o(i.chk_lock)
    chk_lock                                 0x08002e31   Thumb Code   102  ff.o(i.chk_lock)
    i.clear_lock                             0x08002e9c   Section        0  ff.o(i.clear_lock)
    clear_lock                               0x08002e9d   Thumb Code    32  ff.o(i.clear_lock)
    i.clmt_clust                             0x08002ec0   Section        0  ff.o(i.clmt_clust)
    clmt_clust                               0x08002ec1   Thumb Code    42  ff.o(i.clmt_clust)
    i.clust2sect                             0x08002eea   Section        0  ff.o(i.clust2sect)
    i.crearSD                                0x08002f08   Section        0  main.o(i.crearSD)
    i.create_chain                           0x08002f48   Section        0  ff.o(i.create_chain)
    create_chain                             0x08002f49   Thumb Code   176  ff.o(i.create_chain)
    i.create_name                            0x08002ff8   Section        0  ff.o(i.create_name)
    create_name                              0x08002ff9   Thumb Code   234  ff.o(i.create_name)
    i.dec_lock                               0x080030f8   Section        0  ff.o(i.dec_lock)
    dec_lock                                 0x080030f9   Thumb Code    54  ff.o(i.dec_lock)
    i.dir_next                               0x08003134   Section        0  ff.o(i.dir_next)
    dir_next                                 0x08003135   Thumb Code   286  ff.o(i.dir_next)
    i.dir_register                           0x08003252   Section        0  ff.o(i.dir_register)
    dir_register                             0x08003253   Thumb Code   118  ff.o(i.dir_register)
    i.dir_sdi                                0x080032c8   Section        0  ff.o(i.dir_sdi)
    dir_sdi                                  0x080032c9   Thumb Code   152  ff.o(i.dir_sdi)
    i.disk_initialize                        0x08003360   Section        0  diskio.o(i.disk_initialize)
    i.disk_ioctl                             0x08003388   Section        0  diskio.o(i.disk_ioctl)
    i.disk_read                              0x080033a4   Section        0  diskio.o(i.disk_read)
    i.disk_status                            0x080033c0   Section        0  diskio.o(i.disk_status)
    i.disk_write                             0x080033d8   Section        0  diskio.o(i.disk_write)
    i.f_close                                0x080033f4   Section        0  ff.o(i.f_close)
    i.f_lseek                                0x08003420   Section        0  ff.o(i.f_lseek)
    i.f_mount                                0x080036a4   Section        0  ff.o(i.f_mount)
    i.f_open                                 0x08003700   Section        0  ff.o(i.f_open)
    i.f_puts                                 0x080038a0   Section        0  ff.o(i.f_puts)
    i.f_sync                                 0x080038e6   Section        0  ff.o(i.f_sync)
    i.f_write                                0x0800399e   Section        0  ff.o(i.f_write)
    i.find_volume                            0x08003b74   Section        0  ff.o(i.find_volume)
    find_volume                              0x08003b75   Thumb Code   588  ff.o(i.find_volume)
    i.follow_path                            0x08003dcc   Section        0  ff.o(i.follow_path)
    follow_path                              0x08003dcd   Thumb Code   192  ff.o(i.follow_path)
    i.free                                   0x08003e8c   Section        0  malloc.o(i.free)
    i.get_fat                                0x08003edc   Section        0  ff.o(i.get_fat)
    i.get_fattime                            0x08003f9e   Section        0  fatfs.o(i.get_fattime)
    i.get_ldnumber                           0x08003fa2   Section        0  ff.o(i.get_ldnumber)
    get_ldnumber                             0x08003fa3   Thumb Code    60  ff.o(i.get_ldnumber)
    i.guardarSD                              0x08003fe0   Section        0  main.o(i.guardarSD)
    i.guardardatos                           0x0800402c   Section        0  main.o(i.guardardatos)
    i.inc_lock                               0x080040f8   Section        0  ff.o(i.inc_lock)
    inc_lock                                 0x080040f9   Thumb Code   154  ff.o(i.inc_lock)
    i.ld_clust                               0x08004198   Section        0  ff.o(i.ld_clust)
    ld_clust                                 0x08004199   Thumb Code    20  ff.o(i.ld_clust)
    i.leerADC                                0x080041ac   Section        0  main.o(i.leerADC)
    i.main                                   0x080041d8   Section        0  main.o(i.main)
    i.malloc                                 0x080042e0   Section        0  malloc.o(i.malloc)
    i.mem_cpy                                0x0800434c   Section        0  ff.o(i.mem_cpy)
    mem_cpy                                  0x0800434d   Thumb Code    18  ff.o(i.mem_cpy)
    i.mem_set                                0x0800435e   Section        0  ff.o(i.mem_set)
    mem_set                                  0x0800435f   Thumb Code    14  ff.o(i.mem_set)
    i.move_window                            0x0800436c   Section        0  ff.o(i.move_window)
    move_window                              0x0800436d   Thumb Code    54  ff.o(i.move_window)
    i.parpadeo                               0x080043a4   Section        0  main.o(i.parpadeo)
    i.put_fat                                0x080043d4   Section        0  ff.o(i.put_fat)
    i.putc_bfd                               0x080044cc   Section        0  ff.o(i.putc_bfd)
    putc_bfd                                 0x080044cd   Thumb Code    70  ff.o(i.putc_bfd)
    i.remove_chain                           0x08004512   Section        0  ff.o(i.remove_chain)
    remove_chain                             0x08004513   Thumb Code   110  ff.o(i.remove_chain)
    i.st_clust                               0x08004580   Section        0  ff.o(i.st_clust)
    st_clust                                 0x08004581   Thumb Code    16  ff.o(i.st_clust)
    i.sync_fs                                0x08004590   Section        0  ff.o(i.sync_fs)
    sync_fs                                  0x08004591   Thumb Code   182  ff.o(i.sync_fs)
    i.sync_window                            0x08004646   Section        0  ff.o(i.sync_window)
    sync_window                              0x08004647   Thumb Code    96  ff.o(i.sync_window)
    i.validate                               0x080046a6   Section        0  ff.o(i.validate)
    validate                                 0x080046a7   Thumb Code    44  ff.o(i.validate)
    .constdata                               0x080046d2   Section       16  system_stm32f4xx.o(.constdata)
    .constdata                               0x080046e2   Section        8  system_stm32f4xx.o(.constdata)
    .constdata                               0x080046ec   Section       20  sd_diskio.o(.constdata)
    .constdata                               0x08004700   Section      172  ff.o(.constdata)
    ExCvt                                    0x08004700   Data         128  ff.o(.constdata)
    vst                                      0x08004780   Data          22  ff.o(.constdata)
    cst                                      0x08004796   Data          22  ff.o(.constdata)
    .constdata                               0x080047ac   Section        8  stm32f4xx_hal_dma.o(.constdata)
    flagBitshiftOffset                       0x080047ac   Data           8  stm32f4xx_hal_dma.o(.constdata)
    .data                                    0x20000000   Section        4  system_stm32f4xx.o(.data)
    .data                                    0x20000004   Section        1  sd_diskio.o(.data)
    Stat                                     0x20000004   Data           1  sd_diskio.o(.data)
    .data                                    0x20000008   Section        8  ff.o(.data)
    Fsid                                     0x20000008   Data           2  ff.o(.data)
    FatFs                                    0x2000000c   Data           4  ff.o(.data)
    .data                                    0x20000010   Section        5  fatfs.o(.data)
    .data                                    0x20000015   Section     1024  main.o(.data)
    .data                                    0x20000418   Section        4  stm32f4xx_hal.o(.data)
    .data                                    0x2000041c   Section        4  mvars.o(.data)
    .data                                    0x20000420   Section        4  mvars.o(.data)
    .bss                                     0x20000424   Section       12  ff_gen_drv.o(.bss)
    .bss                                     0x20000430   Section       24  ff.o(.bss)
    Files                                    0x20000430   Data          24  ff.o(.bss)
    .bss                                     0x20000448   Section      268  main.o(.bss)
    .bss                                     0x20000554   Section       96  main.o(.bss)
    .bss                                     0x200005b4   Section       96  main.o(.bss)
    HEAP                                     0x20000618   Section     8192  startup_stm32f405xx.o(HEAP)
    STACK                                    0x20002618   Section    16384  startup_stm32f405xx.o(STACK)

    Global Symbols

    Symbol Name                              Value     Ov Type        Size  Object(Section)

    BuildAttributes$$THM_ISAv4$E$P$D$K$B$S$7EM$VFPi3$EXTD16$VFPS$VFMA$PE$A:L22UL41UL21$X:L11$S22US41US21$IEEE1$IW$USESV6$~STKCKD$USESV7$~SHL$OSPACE$EBA8$MICROLIB$REQ8$PRES8$EABIv2 0x00000000   Number         0  anon$$obj.o ABSOLUTE
    __ARM_use_no_argv                        0x00000000   Number         0  main.o ABSOLUTE
    __cpp_initialize__aeabi_                  - Undefined Weak Reference
    __cxa_finalize                            - Undefined Weak Reference
    _clock_init                               - Undefined Weak Reference
    _microlib_exit                            - Undefined Weak Reference
    __Vectors_Size                           0x00000188   Number         0  startup_stm32f405xx.o ABSOLUTE
    __Vectors                                0x08000000   Data           4  startup_stm32f405xx.o(RESET)
    __Vectors_End                            0x08000188   Data           0  startup_stm32f405xx.o(RESET)
    __main                                   0x08000189   Thumb Code     0  entry.o(.ARM.Collect$$$$00000000)
    _main_stk                                0x08000189   Thumb Code     0  entry2.o(.ARM.Collect$$$$00000001)
    _main_scatterload                        0x0800018d   Thumb Code     0  entry5.o(.ARM.Collect$$$$00000004)
    __main_after_scatterload                 0x08000191   Thumb Code     0  entry5.o(.ARM.Collect$$$$00000004)
    _main_clock                              0x08000191   Thumb Code     0  entry7b.o(.ARM.Collect$$$$00000008)
    _main_cpp_init                           0x08000191   Thumb Code     0  entry8b.o(.ARM.Collect$$$$0000000A)
    _main_init                               0x08000191   Thumb Code     0  entry9a.o(.ARM.Collect$$$$0000000B)
    __rt_final_cpp                           0x08000199   Thumb Code     0  entry10a.o(.ARM.Collect$$$$0000000D)
    __rt_final_exit                          0x08000199   Thumb Code     0  entry11a.o(.ARM.Collect$$$$0000000F)
    Reset_Handler                            0x0800019d   Thumb Code     8  startup_stm32f405xx.o(.text)
    ADC_IRQHandler                           0x080001b7   Thumb Code     0  startup_stm32f405xx.o(.text)
    CAN1_RX0_IRQHandler                      0x080001b7   Thumb Code     0  startup_stm32f405xx.o(.text)
    CAN1_RX1_IRQHandler                      0x080001b7   Thumb Code     0  startup_stm32f405xx.o(.text)
    CAN1_SCE_IRQHandler                      0x080001b7   Thumb Code     0  startup_stm32f405xx.o(.text)
    CAN1_TX_IRQHandler                       0x080001b7   Thumb Code     0  startup_stm32f405xx.o(.text)
    CAN2_RX0_IRQHandler                      0x080001b7   Thumb Code     0  startup_stm32f405xx.o(.text)
    CAN2_RX1_IRQHandler                      0x080001b7   Thumb Code     0  startup_stm32f405xx.o(.text)
    CAN2_SCE_IRQHandler                      0x080001b7   Thumb Code     0  startup_stm32f405xx.o(.text)
    CAN2_TX_IRQHandler                       0x080001b7   Thumb Code     0  startup_stm32f405xx.o(.text)
    DMA1_Stream0_IRQHandler                  0x080001b7   Thumb Code     0  startup_stm32f405xx.o(.text)
    DMA1_Stream1_IRQHandler                  0x080001b7   Thumb Code     0  startup_stm32f405xx.o(.text)
    DMA1_Stream2_IRQHandler                  0x080001b7   Thumb Code     0  startup_stm32f405xx.o(.text)
    DMA1_Stream3_IRQHandler                  0x080001b7   Thumb Code     0  startup_stm32f405xx.o(.text)
    DMA1_Stream4_IRQHandler                  0x080001b7   Thumb Code     0  startup_stm32f405xx.o(.text)
    DMA1_Stream7_IRQHandler                  0x080001b7   Thumb Code     0  startup_stm32f405xx.o(.text)
    DMA2_Stream0_IRQHandler                  0x080001b7   Thumb Code     0  startup_stm32f405xx.o(.text)
    DMA2_Stream1_IRQHandler                  0x080001b7   Thumb Code     0  startup_stm32f405xx.o(.text)
    DMA2_Stream2_IRQHandler                  0x080001b7   Thumb Code     0  startup_stm32f405xx.o(.text)
    DMA2_Stream3_IRQHandler                  0x080001b7   Thumb Code     0  startup_stm32f405xx.o(.text)
    DMA2_Stream4_IRQHandler                  0x080001b7   Thumb Code     0  startup_stm32f405xx.o(.text)
    DMA2_Stream5_IRQHandler                  0x080001b7   Thumb Code     0  startup_stm32f405xx.o(.text)
    DMA2_Stream6_IRQHandler                  0x080001b7   Thumb Code     0  startup_stm32f405xx.o(.text)
    DMA2_Stream7_IRQHandler                  0x080001b7   Thumb Code     0  startup_stm32f405xx.o(.text)
    EXTI0_IRQHandler                         0x080001b7   Thumb Code     0  startup_stm32f405xx.o(.text)
    EXTI15_10_IRQHandler                     0x080001b7   Thumb Code     0  startup_stm32f405xx.o(.text)
    EXTI1_IRQHandler                         0x080001b7   Thumb Code     0  startup_stm32f405xx.o(.text)
    EXTI2_IRQHandler                         0x080001b7   Thumb Code     0  startup_stm32f405xx.o(.text)
    EXTI3_IRQHandler                         0x080001b7   Thumb Code     0  startup_stm32f405xx.o(.text)
    EXTI4_IRQHandler                         0x080001b7   Thumb Code     0  startup_stm32f405xx.o(.text)
    FLASH_IRQHandler                         0x080001b7   Thumb Code     0  startup_stm32f405xx.o(.text)
    FMC_IRQHandler                           0x080001b7   Thumb Code     0  startup_stm32f405xx.o(.text)
    FPU_IRQHandler                           0x080001b7   Thumb Code     0  startup_stm32f405xx.o(.text)
    HASH_RNG_IRQHandler                      0x080001b7   Thumb Code     0  startup_stm32f405xx.o(.text)
    I2C1_ER_IRQHandler                       0x080001b7   Thumb Code     0  startup_stm32f405xx.o(.text)
    I2C1_EV_IRQHandler                       0x080001b7   Thumb Code     0  startup_stm32f405xx.o(.text)
    I2C2_ER_IRQHandler                       0x080001b7   Thumb Code     0  startup_stm32f405xx.o(.text)
    I2C2_EV_IRQHandler                       0x080001b7   Thumb Code     0  startup_stm32f405xx.o(.text)
    I2C3_ER_IRQHandler                       0x080001b7   Thumb Code     0  startup_stm32f405xx.o(.text)
    I2C3_EV_IRQHandler                       0x080001b7   Thumb Code     0  startup_stm32f405xx.o(.text)
    OTG_FS_IRQHandler                        0x080001b7   Thumb Code     0  startup_stm32f405xx.o(.text)
    OTG_FS_WKUP_IRQHandler                   0x080001b7   Thumb Code     0  startup_stm32f405xx.o(.text)
    OTG_HS_EP1_IN_IRQHandler                 0x080001b7   Thumb Code     0  startup_stm32f405xx.o(.text)
    OTG_HS_EP1_OUT_IRQHandler                0x080001b7   Thumb Code     0  startup_stm32f405xx.o(.text)
    OTG_HS_IRQHandler                        0x080001b7   Thumb Code     0  startup_stm32f405xx.o(.text)
    OTG_HS_WKUP_IRQHandler                   0x080001b7   Thumb Code     0  startup_stm32f405xx.o(.text)
    PVD_IRQHandler                           0x080001b7   Thumb Code     0  startup_stm32f405xx.o(.text)
    RCC_IRQHandler                           0x080001b7   Thumb Code     0  startup_stm32f405xx.o(.text)
    RTC_Alarm_IRQHandler                     0x080001b7   Thumb Code     0  startup_stm32f405xx.o(.text)
    RTC_WKUP_IRQHandler                      0x080001b7   Thumb Code     0  startup_stm32f405xx.o(.text)
    SDIO_IRQHandler                          0x080001b7   Thumb Code     0  startup_stm32f405xx.o(.text)
    SPI1_IRQHandler                          0x080001b7   Thumb Code     0  startup_stm32f405xx.o(.text)
    SPI2_IRQHandler                          0x080001b7   Thumb Code     0  startup_stm32f405xx.o(.text)
    SPI3_IRQHandler                          0x080001b7   Thumb Code     0  startup_stm32f405xx.o(.text)
    TAMP_STAMP_IRQHandler                    0x080001b7   Thumb Code     0  startup_stm32f405xx.o(.text)
    TIM1_BRK_TIM9_IRQHandler                 0x080001b7   Thumb Code     0  startup_stm32f405xx.o(.text)
    TIM1_CC_IRQHandler                       0x080001b7   Thumb Code     0  startup_stm32f405xx.o(.text)
    TIM1_TRG_COM_TIM11_IRQHandler            0x080001b7   Thumb Code     0  startup_stm32f405xx.o(.text)
    TIM1_UP_TIM10_IRQHandler                 0x080001b7   Thumb Code     0  startup_stm32f405xx.o(.text)
    TIM2_IRQHandler                          0x080001b7   Thumb Code     0  startup_stm32f405xx.o(.text)
    TIM3_IRQHandler                          0x080001b7   Thumb Code     0  startup_stm32f405xx.o(.text)
    TIM4_IRQHandler                          0x080001b7   Thumb Code     0  startup_stm32f405xx.o(.text)
    TIM5_IRQHandler                          0x080001b7   Thumb Code     0  startup_stm32f405xx.o(.text)
    TIM6_DAC_IRQHandler                      0x080001b7   Thumb Code     0  startup_stm32f405xx.o(.text)
    TIM7_IRQHandler                          0x080001b7   Thumb Code     0  startup_stm32f405xx.o(.text)
    TIM8_BRK_TIM12_IRQHandler                0x080001b7   Thumb Code     0  startup_stm32f405xx.o(.text)
    TIM8_CC_IRQHandler                       0x080001b7   Thumb Code     0  startup_stm32f405xx.o(.text)
    TIM8_TRG_COM_TIM14_IRQHandler            0x080001b7   Thumb Code     0  startup_stm32f405xx.o(.text)
    TIM8_UP_TIM13_IRQHandler                 0x080001b7   Thumb Code     0  startup_stm32f405xx.o(.text)
    UART4_IRQHandler                         0x080001b7   Thumb Code     0  startup_stm32f405xx.o(.text)
    UART5_IRQHandler                         0x080001b7   Thumb Code     0  startup_stm32f405xx.o(.text)
    USART1_IRQHandler                        0x080001b7   Thumb Code     0  startup_stm32f405xx.o(.text)
    USART2_IRQHandler                        0x080001b7   Thumb Code     0  startup_stm32f405xx.o(.text)
    USART3_IRQHandler                        0x080001b7   Thumb Code     0  startup_stm32f405xx.o(.text)
    USART6_IRQHandler                        0x080001b7   Thumb Code     0  startup_stm32f405xx.o(.text)
    WWDG_IRQHandler                          0x080001b7   Thumb Code     0  startup_stm32f405xx.o(.text)
    strcat                                   0x080001c1   Thumb Code    24  strcat.o(.text)
    __scatterload                            0x080001d9   Thumb Code    28  init.o(.text)
    __scatterload_rt2                        0x080001d9   Thumb Code     0  init.o(.text)
    __decompress                             0x080001fd   Thumb Code     0  __dclz77c.o(.text)
    __decompress2                            0x080001fd   Thumb Code    94  __dclz77c.o(.text)
    AES_Encrypt                              0x08000389   Thumb Code   120  main.o(i.AES_Encrypt)
    AddRoundKey                              0x08000401   Thumb Code    20  main.o(i.AddRoundKey)
    BSP_SD_GetCardInfo                       0x08000415   Thumb Code     8  bsp_driver_sd.o(i.BSP_SD_GetCardInfo)
    BSP_SD_GetCardState                      0x08000421   Thumb Code    20  bsp_driver_sd.o(i.BSP_SD_GetCardState)
    BSP_SD_Init                              0x08000439   Thumb Code    30  bsp_driver_sd.o(i.BSP_SD_Init)
    BSP_SD_ReadBlocks                        0x0800045d   Thumb Code    26  bsp_driver_sd.o(i.BSP_SD_ReadBlocks)
    BSP_SD_WriteBlocks                       0x0800047d   Thumb Code    26  bsp_driver_sd.o(i.BSP_SD_WriteBlocks)
    BusFault_Handler                         0x0800049d   Thumb Code     2  stm32f4xx_it.o(i.BusFault_Handler)
    DMA1_Stream5_IRQHandler                  0x080004a1   Thumb Code     6  stm32f4xx_it.o(i.DMA1_Stream5_IRQHandler)
    DMA1_Stream6_IRQHandler                  0x080004ad   Thumb Code     6  stm32f4xx_it.o(i.DMA1_Stream6_IRQHandler)
    DebugMon_Handler                         0x08000535   Thumb Code     2  stm32f4xx_it.o(i.DebugMon_Handler)
    EXTI9_5_IRQHandler                       0x08000537   Thumb Code     8  stm32f4xx_it.o(i.EXTI9_5_IRQHandler)
    FATFS_LinkDriver                         0x0800053f   Thumb Code     6  ff_gen_drv.o(i.FATFS_LinkDriver)
    FATFS_LinkDriverEx                       0x08000545   Thumb Code    60  ff_gen_drv.o(i.FATFS_LinkDriverEx)
    HAL_ADC_ConfigChannel                    0x08000585   Thumb Code   316  stm32f4xx_hal_adc.o(i.HAL_ADC_ConfigChannel)
    HAL_ADC_GetValue                         0x080006d1   Thumb Code     6  stm32f4xx_hal_adc.o(i.HAL_ADC_GetValue)
    HAL_ADC_Init                             0x080006d7   Thumb Code    84  stm32f4xx_hal_adc.o(i.HAL_ADC_Init)
    HAL_ADC_MspInit                          0x0800072d   Thumb Code    54  stm32f4xx_hal_msp.o(i.HAL_ADC_MspInit)
    HAL_ADC_PollForConversion                0x08000771   Thumb Code   162  stm32f4xx_hal_adc.o(i.HAL_ADC_PollForConversion)
    HAL_ADC_Start                            0x08000815   Thumb Code   170  stm32f4xx_hal_adc.o(i.HAL_ADC_Start)
    HAL_ADC_Stop                             0x080008d1   Thumb Code    60  stm32f4xx_hal_adc.o(i.HAL_ADC_Stop)
    HAL_DMA_IRQHandler                       0x0800090d   Thumb Code   414  stm32f4xx_hal_dma.o(i.HAL_DMA_IRQHandler)
    HAL_DMA_Init                             0x08000ab5   Thumb Code   206  stm32f4xx_hal_dma.o(i.HAL_DMA_Init)
    HAL_Delay                                0x08000b89   Thumb Code    28  stm32f4xx_hal.o(i.HAL_Delay)
    HAL_GPIO_EXTI_Callback                   0x08000ba5   Thumb Code     2  stm32f4xx_hal_gpio.o(i.HAL_GPIO_EXTI_Callback)
    HAL_GPIO_EXTI_IRQHandler                 0x08000ba9   Thumb Code    18  stm32f4xx_hal_gpio.o(i.HAL_GPIO_EXTI_IRQHandler)
    HAL_GPIO_Init                            0x08000bc1   Thumb Code   388  stm32f4xx_hal_gpio.o(i.HAL_GPIO_Init)
    HAL_GPIO_TogglePin                       0x08000d71   Thumb Code     8  stm32f4xx_hal_gpio.o(i.HAL_GPIO_TogglePin)
    HAL_GPIO_WritePin                        0x08000d79   Thumb Code    10  stm32f4xx_hal_gpio.o(i.HAL_GPIO_WritePin)
    HAL_GetTick                              0x08000d85   Thumb Code     6  stm32f4xx_hal.o(i.HAL_GetTick)
    HAL_IncTick                              0x08000d91   Thumb Code    10  stm32f4xx_hal.o(i.HAL_IncTick)
    HAL_Init                                 0x08000da1   Thumb Code    48  stm32f4xx_hal.o(i.HAL_Init)
    HAL_InitTick                             0x08000dd5   Thumb Code    34  stm32f4xx_hal.o(i.HAL_InitTick)
    HAL_MspInit                              0x08000dfd   Thumb Code    88  stm32f4xx_hal_msp.o(i.HAL_MspInit)
    HAL_NVIC_EnableIRQ                       0x08000e55   Thumb Code    22  stm32f4xx_hal_cortex.o(i.HAL_NVIC_EnableIRQ)
    HAL_NVIC_SetPriority                     0x08000e6d   Thumb Code    60  stm32f4xx_hal_cortex.o(i.HAL_NVIC_SetPriority)
    HAL_NVIC_SetPriorityGrouping             0x08000ead   Thumb Code    26  stm32f4xx_hal_cortex.o(i.HAL_NVIC_SetPriorityGrouping)
    HAL_RCC_ClockConfig                      0x08000ed1   Thumb Code   364  stm32f4xx_hal_rcc.o(i.HAL_RCC_ClockConfig)
    HAL_RCC_GetHCLKFreq                      0x0800104d   Thumb Code     6  stm32f4xx_hal_rcc.o(i.HAL_RCC_GetHCLKFreq)
    HAL_RCC_GetPCLK1Freq                     0x08001059   Thumb Code    34  stm32f4xx_hal_rcc.o(i.HAL_RCC_GetPCLK1Freq)
    HAL_RCC_GetPCLK2Freq                     0x08001089   Thumb Code    34  stm32f4xx_hal_rcc.o(i.HAL_RCC_GetPCLK2Freq)
    HAL_RCC_GetSysClockFreq                  0x080010b9   Thumb Code   104  stm32f4xx_hal_rcc.o(i.HAL_RCC_GetSysClockFreq)
    HAL_RCC_OscConfig                        0x0800112d   Thumb Code   770  stm32f4xx_hal_rcc.o(i.HAL_RCC_OscConfig)
    HAL_SD_GetCardCSD                        0x08001441   Thumb Code   474  stm32f4xx_hal_sd.o(i.HAL_SD_GetCardCSD)
    HAL_SD_GetCardInfo                       0x0800161b   Thumb Code    36  stm32f4xx_hal_sd.o(i.HAL_SD_GetCardInfo)
    HAL_SD_GetCardState                      0x0800163f   Thumb Code    44  stm32f4xx_hal_sd.o(i.HAL_SD_GetCardState)
    HAL_SD_Init                              0x0800166b   Thumb Code    54  stm32f4xx_hal_sd.o(i.HAL_SD_Init)
    HAL_SD_InitCard                          0x080016a1   Thumb Code    80  stm32f4xx_hal_sd.o(i.HAL_SD_InitCard)
    HAL_SD_MspInit                           0x080016f5   Thumb Code    84  stm32f4xx_hal_msp.o(i.HAL_SD_MspInit)
    HAL_SD_ReadBlocks                        0x08001759   Thumb Code   434  stm32f4xx_hal_sd.o(i.HAL_SD_ReadBlocks)
    HAL_SD_WriteBlocks                       0x0800190d   Thumb Code   410  stm32f4xx_hal_sd.o(i.HAL_SD_WriteBlocks)
    HAL_SYSTICK_CLKSourceConfig              0x08001aa7   Thumb Code    24  stm32f4xx_hal_cortex.o(i.HAL_SYSTICK_CLKSourceConfig)
    HAL_SYSTICK_Callback                     0x08001abf   Thumb Code     2  stm32f4xx_hal_cortex.o(i.HAL_SYSTICK_Callback)
    HAL_SYSTICK_Config                       0x08001ac1   Thumb Code    40  stm32f4xx_hal_cortex.o(i.HAL_SYSTICK_Config)
    HAL_SYSTICK_IRQHandler                   0x08001ae9   Thumb Code     8  stm32f4xx_hal_cortex.o(i.HAL_SYSTICK_IRQHandler)
    HAL_UART_Init                            0x08001af1   Thumb Code    98  stm32f4xx_hal_uart.o(i.HAL_UART_Init)
    HAL_UART_MspInit                         0x08001b55   Thumb Code   176  stm32f4xx_hal_msp.o(i.HAL_UART_MspInit)
    HAL_UART_Transmit                        0x08001c39   Thumb Code   186  stm32f4xx_hal_uart.o(i.HAL_UART_Transmit)
    HardFault_Handler                        0x08001cf3   Thumb Code     2  stm32f4xx_it.o(i.HardFault_Handler)
    KeyExpansion                             0x08001cf5   Thumb Code    84  main.o(i.KeyExpansion)
    KeyExpansionCore                         0x08001d49   Thumb Code    46  main.o(i.KeyExpansionCore)
    MX_FATFS_Init                            0x08001dd1   Thumb Code    18  fatfs.o(i.MX_FATFS_Init)
    MemManage_Handler                        0x08001e79   Thumb Code     2  stm32f4xx_it.o(i.MemManage_Handler)
    MixColumns                               0x08001e7d   Thumb Code   360  main.o(i.MixColumns)
    NMI_Handler                              0x08001fe9   Thumb Code     2  stm32f4xx_it.o(i.NMI_Handler)
    PendSV_Handler                           0x0800200b   Thumb Code     2  stm32f4xx_it.o(i.PendSV_Handler)
    PrintHex                                 0x0800200d   Thumb Code   124  main.o(i.PrintHex)
    SDIO_ConfigData                          0x08002089   Thumb Code    36  stm32f4xx_ll_sdmmc.o(i.SDIO_ConfigData)
    SDIO_GetPowerState                       0x080020ad   Thumb Code     8  stm32f4xx_ll_sdmmc.o(i.SDIO_GetPowerState)
    SDIO_GetResponse                         0x080020b5   Thumb Code    12  stm32f4xx_ll_sdmmc.o(i.SDIO_GetResponse)
    SDIO_Init                                0x080020c1   Thumb Code    36  stm32f4xx_ll_sdmmc.o(i.SDIO_Init)
    SDIO_PowerState_ON                       0x080020e5   Thumb Code     8  stm32f4xx_ll_sdmmc.o(i.SDIO_PowerState_ON)
    SDIO_ReadFIFO                            0x080020ed   Thumb Code     6  stm32f4xx_ll_sdmmc.o(i.SDIO_ReadFIFO)
    SDIO_SendCommand                         0x080020f3   Thumb Code    32  stm32f4xx_ll_sdmmc.o(i.SDIO_SendCommand)
    SDIO_WriteFIFO                           0x08002113   Thumb Code    10  stm32f4xx_ll_sdmmc.o(i.SDIO_WriteFIFO)
    SDMMC_CmdAppCommand                      0x0800211d   Thumb Code    50  stm32f4xx_ll_sdmmc.o(i.SDMMC_CmdAppCommand)
    SDMMC_CmdAppOperCommand                  0x08002151   Thumb Code    48  stm32f4xx_ll_sdmmc.o(i.SDMMC_CmdAppOperCommand)
    SDMMC_CmdBlockLength                     0x08002185   Thumb Code    50  stm32f4xx_ll_sdmmc.o(i.SDMMC_CmdBlockLength)
    SDMMC_CmdGoIdleState                     0x080021b9   Thumb Code    76  stm32f4xx_ll_sdmmc.o(i.SDMMC_CmdGoIdleState)
    SDMMC_CmdOperCond                        0x08002209   Thumb Code    98  stm32f4xx_ll_sdmmc.o(i.SDMMC_CmdOperCond)
    SDMMC_CmdReadMultiBlock                  0x08002271   Thumb Code    50  stm32f4xx_ll_sdmmc.o(i.SDMMC_CmdReadMultiBlock)
    SDMMC_CmdReadSingleBlock                 0x080022a3   Thumb Code    50  stm32f4xx_ll_sdmmc.o(i.SDMMC_CmdReadSingleBlock)
    SDMMC_CmdSelDesel                        0x080022d5   Thumb Code    50  stm32f4xx_ll_sdmmc.o(i.SDMMC_CmdSelDesel)
    SDMMC_CmdSendCID                         0x08002307   Thumb Code    44  stm32f4xx_ll_sdmmc.o(i.SDMMC_CmdSendCID)
    SDMMC_CmdSendCSD                         0x08002333   Thumb Code    44  stm32f4xx_ll_sdmmc.o(i.SDMMC_CmdSendCSD)
    SDMMC_CmdSendStatus                      0x0800235f   Thumb Code    50  stm32f4xx_ll_sdmmc.o(i.SDMMC_CmdSendStatus)
    SDMMC_CmdSetRelAdd                       0x08002391   Thumb Code    48  stm32f4xx_ll_sdmmc.o(i.SDMMC_CmdSetRelAdd)
    SDMMC_CmdStopTransfer                    0x080023c1   Thumb Code    46  stm32f4xx_ll_sdmmc.o(i.SDMMC_CmdStopTransfer)
    SDMMC_CmdWriteMultiBlock                 0x080023f5   Thumb Code    50  stm32f4xx_ll_sdmmc.o(i.SDMMC_CmdWriteMultiBlock)
    SDMMC_CmdWriteSingleBlock                0x08002427   Thumb Code    50  stm32f4xx_ll_sdmmc.o(i.SDMMC_CmdWriteSingleBlock)
    SD_initialize                            0x08002811   Thumb Code    26  sd_diskio.o(i.SD_initialize)
    SD_ioctl                                 0x08002831   Thumb Code    74  sd_diskio.o(i.SD_ioctl)
    SD_read                                  0x08002881   Thumb Code    52  sd_diskio.o(i.SD_read)
    SD_status                                0x080028bd   Thumb Code    26  sd_diskio.o(i.SD_status)
    SD_write                                 0x080028dd   Thumb Code    52  sd_diskio.o(i.SD_write)
    SVC_Handler                              0x08002919   Thumb Code     2  stm32f4xx_it.o(i.SVC_Handler)
    ShiftRows                                0x0800291b   Thumb Code   114  main.o(i.ShiftRows)
    SubBytes                                 0x0800298d   Thumb Code    18  main.o(i.SubBytes)
    SysTick_Handler                          0x080029a5   Thumb Code    14  stm32f4xx_it.o(i.SysTick_Handler)
    SystemClock_Config                       0x080029b5   Thumb Code   140  main.o(i.SystemClock_Config)
    SystemInit                               0x08002a49   Thumb Code    66  system_stm32f4xx.o(i.SystemInit)
    UsageFault_Handler                       0x08002dad   Thumb Code     2  stm32f4xx_it.o(i.UsageFault_Handler)
    _Error_Handler                           0x08002daf   Thumb Code     2  main.o(i._Error_Handler)
    __scatterload_copy                       0x08002db1   Thumb Code    14  handlers.o(i.__scatterload_copy)
    __scatterload_null                       0x08002dbf   Thumb Code     2  handlers.o(i.__scatterload_null)
    __scatterload_zeroinit                   0x08002dc1   Thumb Code    14  handlers.o(i.__scatterload_zeroinit)
    clust2sect                               0x08002eeb   Thumb Code    30  ff.o(i.clust2sect)
    crearSD                                  0x08002f09   Thumb Code    60  main.o(i.crearSD)
    disk_initialize                          0x08003361   Thumb Code    36  diskio.o(i.disk_initialize)
    disk_ioctl                               0x08003389   Thumb Code    24  diskio.o(i.disk_ioctl)
    disk_read                                0x080033a5   Thumb Code    24  diskio.o(i.disk_read)
    disk_status                              0x080033c1   Thumb Code    18  diskio.o(i.disk_status)
    disk_write                               0x080033d9   Thumb Code    24  diskio.o(i.disk_write)
    f_close                                  0x080033f5   Thumb Code    42  ff.o(i.f_close)
    f_lseek                                  0x08003421   Thumb Code   644  ff.o(i.f_lseek)
    f_mount                                  0x080036a5   Thumb Code    88  ff.o(i.f_mount)
    f_open                                   0x08003701   Thumb Code   412  ff.o(i.f_open)
    f_puts                                   0x080038a1   Thumb Code    70  ff.o(i.f_puts)
    f_sync                                   0x080038e7   Thumb Code   184  ff.o(i.f_sync)
    f_write                                  0x0800399f   Thumb Code   470  ff.o(i.f_write)
    free                                     0x08003e8d   Thumb Code    76  malloc.o(i.free)
    get_fat                                  0x08003edd   Thumb Code   194  ff.o(i.get_fat)
    get_fattime                              0x08003f9f   Thumb Code     4  fatfs.o(i.get_fattime)
    guardarSD                                0x08003fe1   Thumb Code    72  main.o(i.guardarSD)
    guardardatos                             0x0800402d   Thumb Code   184  main.o(i.guardardatos)
    leerADC                                  0x080041ad   Thumb Code    40  main.o(i.leerADC)
    main                                     0x080041d9   Thumb Code   230  main.o(i.main)
    malloc                                   0x080042e1   Thumb Code    92  malloc.o(i.malloc)
    parpadeo                                 0x080043a5   Thumb Code    42  main.o(i.parpadeo)
    put_fat                                  0x080043d5   Thumb Code   248  ff.o(i.put_fat)
    AHBPrescTable                            0x080046d2   Data          16  system_stm32f4xx.o(.constdata)
    APBPrescTable                            0x080046e2   Data           8  system_stm32f4xx.o(.constdata)
    SD_Driver                                0x080046ec   Data          20  sd_diskio.o(.constdata)
    Region$$Table$$Base                      0x080047b4   Number         0  anon$$obj.o(Region$$Table)
    Region$$Table$$Limit                     0x080047d4   Number         0  anon$$obj.o(Region$$Table)
    SystemCoreClock                          0x20000000   Data           4  system_stm32f4xx.o(.data)
    retSD                                    0x20000010   Data           1  fatfs.o(.data)
    SD_Path                                  0x20000011   Data           4  fatfs.o(.data)
    s_box                                    0x20000015   Data         256  main.o(.data)
    mul2                                     0x20000115   Data         256  main.o(.data)
    mul3                                     0x20000215   Data         256  main.o(.data)
    rcon                                     0x20000315   Data         256  main.o(.data)
    uwTick                                   0x20000418   Data           4  stm32f4xx_hal.o(.data)
    __microlib_freelist                      0x2000041c   Data           4  mvars.o(.data)
    __microlib_freelist_initialised          0x20000420   Data           4  mvars.o(.data)
    disk                                     0x20000424   Data          12  ff_gen_drv.o(.bss)
    hadc1                                    0x20000448   Data          72  main.o(.bss)
    hsd                                      0x20000490   Data         132  main.o(.bss)
    huart2                                   0x20000514   Data          64  main.o(.bss)
    hdma_usart2_rx                           0x20000554   Data          96  main.o(.bss)
    hdma_usart2_tx                           0x200005b4   Data          96  main.o(.bss)
    __heap_base                              0x20000618   Data           0  startup_stm32f405xx.o(HEAP)
    __heap_limit                             0x20002618   Data           0  startup_stm32f405xx.o(HEAP)
    __initial_sp                             0x20006618   Data           0  startup_stm32f405xx.o(STACK)



==============================================================================

Memory Map of the image

  Image Entry point : 0x08000189

  Load Region LR_IROM1 (Base: 0x08000000, Size: 0x00004bf8, Max: 0x00100000, ABSOLUTE, COMPRESSED[0x00004b24])

    Execution Region ER_IROM1 (Exec base: 0x08000000, Load base: 0x08000000, Size: 0x000047d4, Max: 0x00100000, ABSOLUTE)

    Exec Addr    Load Addr    Size         Type   Attr      Idx    E Section Name        Object

    0x08000000   0x08000000   0x00000188   Data   RO         1141    RESET               startup_stm32f405xx.o
    0x08000188   0x08000188   0x00000000   Code   RO         3297  * .ARM.Collect$$$$00000000  mc_w.l(entry.o)
    0x08000188   0x08000188   0x00000004   Code   RO         3330    .ARM.Collect$$$$00000001  mc_w.l(entry2.o)
    0x0800018c   0x0800018c   0x00000004   Code   RO         3333    .ARM.Collect$$$$00000004  mc_w.l(entry5.o)
    0x08000190   0x08000190   0x00000000   Code   RO         3335    .ARM.Collect$$$$00000008  mc_w.l(entry7b.o)
    0x08000190   0x08000190   0x00000000   Code   RO         3337    .ARM.Collect$$$$0000000A  mc_w.l(entry8b.o)
    0x08000190   0x08000190   0x00000008   Code   RO         3338    .ARM.Collect$$$$0000000B  mc_w.l(entry9a.o)
    0x08000198   0x08000198   0x00000000   Code   RO         3340    .ARM.Collect$$$$0000000D  mc_w.l(entry10a.o)
    0x08000198   0x08000198   0x00000000   Code   RO         3342    .ARM.Collect$$$$0000000F  mc_w.l(entry11a.o)
    0x08000198   0x08000198   0x00000004   Code   RO         3331    .ARM.Collect$$$$00002712  mc_w.l(entry2.o)
    0x0800019c   0x0800019c   0x00000024   Code   RO         1142    .text               startup_stm32f405xx.o
    0x080001c0   0x080001c0   0x00000018   Code   RO         3300    .text               mc_w.l(strcat.o)
    0x080001d8   0x080001d8   0x00000024   Code   RO         3350    .text               mc_w.l(init.o)
    0x080001fc   0x080001fc   0x0000005e   Code   RO         3360    .text               mc_w.l(__dclz77c.o)
    0x0800025a   0x0800025a   0x00000002   PAD
    0x0800025c   0x0800025c   0x0000012c   Code   RO         1653    i.ADC_Init          stm32f4xx_hal_adc.o
    0x08000388   0x08000388   0x00000078   Code   RO          981    i.AES_Encrypt       main.o
    0x08000400   0x08000400   0x00000014   Code   RO          982    i.AddRoundKey       main.o
    0x08000414   0x08000414   0x0000000c   Code   RO          777    i.BSP_SD_GetCardInfo  bsp_driver_sd.o
    0x08000420   0x08000420   0x00000018   Code   RO          778    i.BSP_SD_GetCardState  bsp_driver_sd.o
    0x08000438   0x08000438   0x00000024   Code   RO          781    i.BSP_SD_Init       bsp_driver_sd.o
    0x0800045c   0x0800045c   0x00000020   Code   RO          783    i.BSP_SD_ReadBlocks  bsp_driver_sd.o
    0x0800047c   0x0800047c   0x00000020   Code   RO          785    i.BSP_SD_WriteBlocks  bsp_driver_sd.o
    0x0800049c   0x0800049c   0x00000002   Code   RO          678    i.BusFault_Handler  stm32f4xx_it.o
    0x0800049e   0x0800049e   0x00000002   PAD
    0x080004a0   0x080004a0   0x0000000c   Code   RO          679    i.DMA1_Stream5_IRQHandler  stm32f4xx_it.o
    0x080004ac   0x080004ac   0x0000000c   Code   RO          680    i.DMA1_Stream6_IRQHandler  stm32f4xx_it.o
    0x080004b8   0x080004b8   0x00000028   Code   RO         2393    i.DMA_CalcBaseAndBitshift  stm32f4xx_hal_dma.o
    0x080004e0   0x080004e0   0x00000054   Code   RO         2394    i.DMA_CheckFifoParam  stm32f4xx_hal_dma.o
    0x08000534   0x08000534   0x00000002   Code   RO          681    i.DebugMon_Handler  stm32f4xx_it.o
    0x08000536   0x08000536   0x00000008   Code   RO          682    i.EXTI9_5_IRQHandler  stm32f4xx_it.o
    0x0800053e   0x0800053e   0x00000006   Code   RO          141    i.FATFS_LinkDriver  ff_gen_drv.o
    0x08000544   0x08000544   0x00000040   Code   RO          142    i.FATFS_LinkDriverEx  ff_gen_drv.o
    0x08000584   0x08000584   0x0000014c   Code   RO         1655    i.HAL_ADC_ConfigChannel  stm32f4xx_hal_adc.o
    0x080006d0   0x080006d0   0x00000006   Code   RO         1662    i.HAL_ADC_GetValue  stm32f4xx_hal_adc.o
    0x080006d6   0x080006d6   0x00000054   Code   RO         1664    i.HAL_ADC_Init      stm32f4xx_hal_adc.o
    0x0800072a   0x0800072a   0x00000002   PAD
    0x0800072c   0x0800072c   0x00000044   Code   RO          921    i.HAL_ADC_MspInit   stm32f4xx_hal_msp.o
    0x08000770   0x08000770   0x000000a2   Code   RO         1668    i.HAL_ADC_PollForConversion  stm32f4xx_hal_adc.o
    0x08000812   0x08000812   0x00000002   PAD
    0x08000814   0x08000814   0x000000bc   Code   RO         1670    i.HAL_ADC_Start     stm32f4xx_hal_adc.o
    0x080008d0   0x080008d0   0x0000003c   Code   RO         1673    i.HAL_ADC_Stop      stm32f4xx_hal_adc.o
    0x0800090c   0x0800090c   0x000001a8   Code   RO         2401    i.HAL_DMA_IRQHandler  stm32f4xx_hal_dma.o
    0x08000ab4   0x08000ab4   0x000000d4   Code   RO         2402    i.HAL_DMA_Init      stm32f4xx_hal_dma.o
    0x08000b88   0x08000b88   0x0000001c   Code   RO         1845    i.HAL_Delay         stm32f4xx_hal.o
    0x08000ba4   0x08000ba4   0x00000002   Code   RO         2214    i.HAL_GPIO_EXTI_Callback  stm32f4xx_hal_gpio.o
    0x08000ba6   0x08000ba6   0x00000002   PAD
    0x08000ba8   0x08000ba8   0x00000018   Code   RO         2215    i.HAL_GPIO_EXTI_IRQHandler  stm32f4xx_hal_gpio.o
    0x08000bc0   0x08000bc0   0x000001b0   Code   RO         2216    i.HAL_GPIO_Init     stm32f4xx_hal_gpio.o
    0x08000d70   0x08000d70   0x00000008   Code   RO         2219    i.HAL_GPIO_TogglePin  stm32f4xx_hal_gpio.o
    0x08000d78   0x08000d78   0x0000000a   Code   RO         2220    i.HAL_GPIO_WritePin  stm32f4xx_hal_gpio.o
    0x08000d82   0x08000d82   0x00000002   PAD
    0x08000d84   0x08000d84   0x0000000c   Code   RO         1851    i.HAL_GetTick       stm32f4xx_hal.o
    0x08000d90   0x08000d90   0x00000010   Code   RO         1853    i.HAL_IncTick       stm32f4xx_hal.o
    0x08000da0   0x08000da0   0x00000034   Code   RO         1854    i.HAL_Init          stm32f4xx_hal.o
    0x08000dd4   0x08000dd4   0x00000028   Code   RO         1855    i.HAL_InitTick      stm32f4xx_hal.o
    0x08000dfc   0x08000dfc   0x00000058   Code   RO          922    i.HAL_MspInit       stm32f4xx_hal_msp.o
    0x08000e54   0x08000e54   0x00000016   Code   RO         2609    i.HAL_NVIC_EnableIRQ  stm32f4xx_hal_cortex.o
    0x08000e6a   0x08000e6a   0x00000002   PAD
    0x08000e6c   0x08000e6c   0x00000040   Code   RO         2615    i.HAL_NVIC_SetPriority  stm32f4xx_hal_cortex.o
    0x08000eac   0x08000eac   0x00000024   Code   RO         2616    i.HAL_NVIC_SetPriorityGrouping  stm32f4xx_hal_cortex.o
    0x08000ed0   0x08000ed0   0x0000017c   Code   RO         2112    i.HAL_RCC_ClockConfig  stm32f4xx_hal_rcc.o
    0x0800104c   0x0800104c   0x0000000c   Code   RO         2117    i.HAL_RCC_GetHCLKFreq  stm32f4xx_hal_rcc.o
    0x08001058   0x08001058   0x00000030   Code   RO         2119    i.HAL_RCC_GetPCLK1Freq  stm32f4xx_hal_rcc.o
    0x08001088   0x08001088   0x00000030   Code   RO         2120    i.HAL_RCC_GetPCLK2Freq  stm32f4xx_hal_rcc.o
    0x080010b8   0x080010b8   0x00000074   Code   RO         2121    i.HAL_RCC_GetSysClockFreq  stm32f4xx_hal_rcc.o
    0x0800112c   0x0800112c   0x00000314   Code   RO         2124    i.HAL_RCC_OscConfig  stm32f4xx_hal_rcc.o
    0x08001440   0x08001440   0x000001da   Code   RO         2747    i.HAL_SD_GetCardCSD  stm32f4xx_hal_sd.o
    0x0800161a   0x0800161a   0x00000024   Code   RO         2748    i.HAL_SD_GetCardInfo  stm32f4xx_hal_sd.o
    0x0800163e   0x0800163e   0x0000002c   Code   RO         2749    i.HAL_SD_GetCardState  stm32f4xx_hal_sd.o
    0x0800166a   0x0800166a   0x00000036   Code   RO         2754    i.HAL_SD_Init       stm32f4xx_hal_sd.o
    0x080016a0   0x080016a0   0x00000054   Code   RO         2755    i.HAL_SD_InitCard   stm32f4xx_hal_sd.o
    0x080016f4   0x080016f4   0x00000064   Code   RO          924    i.HAL_SD_MspInit    stm32f4xx_hal_msp.o
    0x08001758   0x08001758   0x000001b2   Code   RO         2758    i.HAL_SD_ReadBlocks  stm32f4xx_hal_sd.o
    0x0800190a   0x0800190a   0x00000002   PAD
    0x0800190c   0x0800190c   0x0000019a   Code   RO         2763    i.HAL_SD_WriteBlocks  stm32f4xx_hal_sd.o
    0x08001aa6   0x08001aa6   0x00000018   Code   RO         2618    i.HAL_SYSTICK_CLKSourceConfig  stm32f4xx_hal_cortex.o
    0x08001abe   0x08001abe   0x00000002   Code   RO         2619    i.HAL_SYSTICK_Callback  stm32f4xx_hal_cortex.o
    0x08001ac0   0x08001ac0   0x00000028   Code   RO         2620    i.HAL_SYSTICK_Config  stm32f4xx_hal_cortex.o
    0x08001ae8   0x08001ae8   0x00000008   Code   RO         2621    i.HAL_SYSTICK_IRQHandler  stm32f4xx_hal_cortex.o
    0x08001af0   0x08001af0   0x00000062   Code   RO         2999    i.HAL_UART_Init     stm32f4xx_hal_uart.o
    0x08001b52   0x08001b52   0x00000002   PAD
    0x08001b54   0x08001b54   0x000000e4   Code   RO          926    i.HAL_UART_MspInit  stm32f4xx_hal_msp.o
    0x08001c38   0x08001c38   0x000000ba   Code   RO         3007    i.HAL_UART_Transmit  stm32f4xx_hal_uart.o
    0x08001cf2   0x08001cf2   0x00000002   Code   RO          683    i.HardFault_Handler  stm32f4xx_it.o
    0x08001cf4   0x08001cf4   0x00000054   Code   RO          986    i.KeyExpansion      main.o
    0x08001d48   0x08001d48   0x00000038   Code   RO          987    i.KeyExpansionCore  main.o
    0x08001d80   0x08001d80   0x00000050   Code   RO          988    i.MX_ADC1_Init      main.o
    0x08001dd0   0x08001dd0   0x0000001c   Code   RO          880    i.MX_FATFS_Init     fatfs.o
    0x08001dec   0x08001dec   0x0000008c   Code   RO          989    i.MX_GPIO_Init      main.o
    0x08001e78   0x08001e78   0x00000002   Code   RO          684    i.MemManage_Handler  stm32f4xx_it.o
    0x08001e7a   0x08001e7a   0x00000002   PAD
    0x08001e7c   0x08001e7c   0x0000016c   Code   RO          990    i.MixColumns        main.o
    0x08001fe8   0x08001fe8   0x00000002   Code   RO          685    i.NMI_Handler       stm32f4xx_it.o
    0x08001fea   0x08001fea   0x00000020   Code   RO         2622    i.NVIC_SetPriority  stm32f4xx_hal_cortex.o
    0x0800200a   0x0800200a   0x00000002   Code   RO          686    i.PendSV_Handler    stm32f4xx_it.o
    0x0800200c   0x0800200c   0x0000007c   Code   RO          991    i.PrintHex          main.o
    0x08002088   0x08002088   0x00000024   Code   RO         1167    i.SDIO_ConfigData   stm32f4xx_ll_sdmmc.o
    0x080020ac   0x080020ac   0x00000008   Code   RO         1171    i.SDIO_GetPowerState  stm32f4xx_ll_sdmmc.o
    0x080020b4   0x080020b4   0x0000000c   Code   RO         1172    i.SDIO_GetResponse  stm32f4xx_ll_sdmmc.o
    0x080020c0   0x080020c0   0x00000024   Code   RO         1173    i.SDIO_Init         stm32f4xx_ll_sdmmc.o
    0x080020e4   0x080020e4   0x00000008   Code   RO         1175    i.SDIO_PowerState_ON  stm32f4xx_ll_sdmmc.o
    0x080020ec   0x080020ec   0x00000006   Code   RO         1176    i.SDIO_ReadFIFO     stm32f4xx_ll_sdmmc.o
    0x080020f2   0x080020f2   0x00000020   Code   RO         1177    i.SDIO_SendCommand  stm32f4xx_ll_sdmmc.o
    0x08002112   0x08002112   0x0000000a   Code   RO         1179    i.SDIO_WriteFIFO    stm32f4xx_ll_sdmmc.o
    0x0800211c   0x0800211c   0x00000032   Code   RO         1180    i.SDMMC_CmdAppCommand  stm32f4xx_ll_sdmmc.o
    0x0800214e   0x0800214e   0x00000002   PAD
    0x08002150   0x08002150   0x00000034   Code   RO         1181    i.SDMMC_CmdAppOperCommand  stm32f4xx_ll_sdmmc.o
    0x08002184   0x08002184   0x00000032   Code   RO         1182    i.SDMMC_CmdBlockLength  stm32f4xx_ll_sdmmc.o
    0x080021b6   0x080021b6   0x00000002   PAD
    0x080021b8   0x080021b8   0x00000050   Code   RO         1187    i.SDMMC_CmdGoIdleState  stm32f4xx_ll_sdmmc.o
    0x08002208   0x08002208   0x00000068   Code   RO         1189    i.SDMMC_CmdOperCond  stm32f4xx_ll_sdmmc.o
    0x08002270   0x08002270   0x00000032   Code   RO         1190    i.SDMMC_CmdReadMultiBlock  stm32f4xx_ll_sdmmc.o
    0x080022a2   0x080022a2   0x00000032   Code   RO         1191    i.SDMMC_CmdReadSingleBlock  stm32f4xx_ll_sdmmc.o
    0x080022d4   0x080022d4   0x00000032   Code   RO         1194    i.SDMMC_CmdSelDesel  stm32f4xx_ll_sdmmc.o
    0x08002306   0x08002306   0x0000002c   Code   RO         1195    i.SDMMC_CmdSendCID  stm32f4xx_ll_sdmmc.o
    0x08002332   0x08002332   0x0000002c   Code   RO         1196    i.SDMMC_CmdSendCSD  stm32f4xx_ll_sdmmc.o
    0x0800235e   0x0800235e   0x00000032   Code   RO         1198    i.SDMMC_CmdSendStatus  stm32f4xx_ll_sdmmc.o
    0x08002390   0x08002390   0x00000030   Code   RO         1199    i.SDMMC_CmdSetRelAdd  stm32f4xx_ll_sdmmc.o
    0x080023c0   0x080023c0   0x00000034   Code   RO         1201    i.SDMMC_CmdStopTransfer  stm32f4xx_ll_sdmmc.o
    0x080023f4   0x080023f4   0x00000032   Code   RO         1203    i.SDMMC_CmdWriteMultiBlock  stm32f4xx_ll_sdmmc.o
    0x08002426   0x08002426   0x00000032   Code   RO         1204    i.SDMMC_CmdWriteSingleBlock  stm32f4xx_ll_sdmmc.o
    0x08002458   0x08002458   0x0000011c   Code   RO         1205    i.SDMMC_GetCmdResp1  stm32f4xx_ll_sdmmc.o
    0x08002574   0x08002574   0x00000050   Code   RO         1206    i.SDMMC_GetCmdResp2  stm32f4xx_ll_sdmmc.o
    0x080025c4   0x080025c4   0x00000040   Code   RO         1207    i.SDMMC_GetCmdResp3  stm32f4xx_ll_sdmmc.o
    0x08002604   0x08002604   0x00000084   Code   RO         1208    i.SDMMC_GetCmdResp6  stm32f4xx_ll_sdmmc.o
    0x08002688   0x08002688   0x000000e6   Code   RO         2772    i.SD_InitCard       stm32f4xx_hal_sd.o
    0x0800276e   0x0800276e   0x000000a2   Code   RO         2773    i.SD_PowerON        stm32f4xx_hal_sd.o
    0x08002810   0x08002810   0x00000020   Code   RO          268    i.SD_initialize     sd_diskio.o
    0x08002830   0x08002830   0x00000050   Code   RO          269    i.SD_ioctl          sd_diskio.o
    0x08002880   0x08002880   0x0000003c   Code   RO          270    i.SD_read           sd_diskio.o
    0x080028bc   0x080028bc   0x00000020   Code   RO          271    i.SD_status         sd_diskio.o
    0x080028dc   0x080028dc   0x0000003c   Code   RO          272    i.SD_write          sd_diskio.o
    0x08002918   0x08002918   0x00000002   Code   RO          687    i.SVC_Handler       stm32f4xx_it.o
    0x0800291a   0x0800291a   0x00000072   Code   RO          992    i.ShiftRows         main.o
    0x0800298c   0x0800298c   0x00000018   Code   RO          993    i.SubBytes          main.o
    0x080029a4   0x080029a4   0x0000000e   Code   RO          688    i.SysTick_Handler   stm32f4xx_it.o
    0x080029b2   0x080029b2   0x00000002   PAD
    0x080029b4   0x080029b4   0x00000094   Code   RO          994    i.SystemClock_Config  main.o
    0x08002a48   0x08002a48   0x00000054   Code   RO            5    i.SystemInit        system_stm32f4xx.o
    0x08002a9c   0x08002a9c   0x000002ac   Code   RO         3025    i.UART_SetConfig    stm32f4xx_hal_uart.o
    0x08002d48   0x08002d48   0x00000064   Code   RO         3027    i.UART_WaitOnFlagUntilTimeout  stm32f4xx_hal_uart.o
    0x08002dac   0x08002dac   0x00000002   Code   RO          689    i.UsageFault_Handler  stm32f4xx_it.o
    0x08002dae   0x08002dae   0x00000002   Code   RO          995    i._Error_Handler    main.o
    0x08002db0   0x08002db0   0x0000000e   Code   RO         3354    i.__scatterload_copy  mc_w.l(handlers.o)
    0x08002dbe   0x08002dbe   0x00000002   Code   RO         3355    i.__scatterload_null  mc_w.l(handlers.o)
    0x08002dc0   0x08002dc0   0x0000000e   Code   RO         3356    i.__scatterload_zeroinit  mc_w.l(handlers.o)
    0x08002dce   0x08002dce   0x00000002   PAD
    0x08002dd0   0x08002dd0   0x00000060   Code   RO          358    i.check_fs          ff.o
    0x08002e30   0x08002e30   0x0000006c   Code   RO          359    i.chk_lock          ff.o
    0x08002e9c   0x08002e9c   0x00000024   Code   RO          360    i.clear_lock        ff.o
    0x08002ec0   0x08002ec0   0x0000002a   Code   RO          361    i.clmt_clust        ff.o
    0x08002eea   0x08002eea   0x0000001e   Code   RO          362    i.clust2sect        ff.o
    0x08002f08   0x08002f08   0x00000040   Code   RO          996    i.crearSD           main.o
    0x08002f48   0x08002f48   0x000000b0   Code   RO          363    i.create_chain      ff.o
    0x08002ff8   0x08002ff8   0x00000100   Code   RO          364    i.create_name       ff.o
    0x080030f8   0x080030f8   0x0000003c   Code   RO          365    i.dec_lock          ff.o
    0x08003134   0x08003134   0x0000011e   Code   RO          366    i.dir_next          ff.o
    0x08003252   0x08003252   0x00000076   Code   RO          368    i.dir_register      ff.o
    0x080032c8   0x080032c8   0x00000098   Code   RO          370    i.dir_sdi           ff.o
    0x08003360   0x08003360   0x00000028   Code   RO          213    i.disk_initialize   diskio.o
    0x08003388   0x08003388   0x0000001c   Code   RO          214    i.disk_ioctl        diskio.o
    0x080033a4   0x080033a4   0x0000001c   Code   RO          215    i.disk_read         diskio.o
    0x080033c0   0x080033c0   0x00000018   Code   RO          216    i.disk_status       diskio.o
    0x080033d8   0x080033d8   0x0000001c   Code   RO          217    i.disk_write        diskio.o
    0x080033f4   0x080033f4   0x0000002a   Code   RO          372    i.f_close           ff.o
    0x0800341e   0x0800341e   0x00000002   PAD
    0x08003420   0x08003420   0x00000284   Code   RO          376    i.f_lseek           ff.o
    0x080036a4   0x080036a4   0x0000005c   Code   RO          379    i.f_mount           ff.o
    0x08003700   0x08003700   0x000001a0   Code   RO          380    i.f_open            ff.o
    0x080038a0   0x080038a0   0x00000046   Code   RO          384    i.f_puts            ff.o
    0x080038e6   0x080038e6   0x000000b8   Code   RO          389    i.f_sync            ff.o
    0x0800399e   0x0800399e   0x000001d6   Code   RO          393    i.f_write           ff.o
    0x08003b74   0x08003b74   0x00000258   Code   RO          394    i.find_volume       ff.o
    0x08003dcc   0x08003dcc   0x000000c0   Code   RO          395    i.follow_path       ff.o
    0x08003e8c   0x08003e8c   0x00000050   Code   RO         3302    i.free              mc_w.l(malloc.o)
    0x08003edc   0x08003edc   0x000000c2   Code   RO          396    i.get_fat           ff.o
    0x08003f9e   0x08003f9e   0x00000004   Code   RO          881    i.get_fattime       fatfs.o
    0x08003fa2   0x08003fa2   0x0000003c   Code   RO          398    i.get_ldnumber      ff.o
    0x08003fde   0x08003fde   0x00000002   PAD
    0x08003fe0   0x08003fe0   0x0000004c   Code   RO          997    i.guardarSD         main.o
    0x0800402c   0x0800402c   0x000000cc   Code   RO          998    i.guardardatos      main.o
    0x080040f8   0x080040f8   0x000000a0   Code   RO          399    i.inc_lock          ff.o
    0x08004198   0x08004198   0x00000014   Code   RO          400    i.ld_clust          ff.o
    0x080041ac   0x080041ac   0x0000002c   Code   RO          999    i.leerADC           main.o
    0x080041d8   0x080041d8   0x00000108   Code   RO         1000    i.main              main.o
    0x080042e0   0x080042e0   0x0000006c   Code   RO         3303    i.malloc            mc_w.l(malloc.o)
    0x0800434c   0x0800434c   0x00000012   Code   RO          401    i.mem_cpy           ff.o
    0x0800435e   0x0800435e   0x0000000e   Code   RO          402    i.mem_set           ff.o
    0x0800436c   0x0800436c   0x00000036   Code   RO          403    i.move_window       ff.o
    0x080043a2   0x080043a2   0x00000002   PAD
    0x080043a4   0x080043a4   0x00000030   Code   RO         1001    i.parpadeo          main.o
    0x080043d4   0x080043d4   0x000000f8   Code   RO          404    i.put_fat           ff.o
    0x080044cc   0x080044cc   0x00000046   Code   RO          405    i.putc_bfd          ff.o
    0x08004512   0x08004512   0x0000006e   Code   RO          406    i.remove_chain      ff.o
    0x08004580   0x08004580   0x00000010   Code   RO          407    i.st_clust          ff.o
    0x08004590   0x08004590   0x000000b6   Code   RO          408    i.sync_fs           ff.o
    0x08004646   0x08004646   0x00000060   Code   RO          409    i.sync_window       ff.o
    0x080046a6   0x080046a6   0x0000002c   Code   RO          410    i.validate          ff.o
    0x080046d2   0x080046d2   0x00000010   Data   RO            6    .constdata          system_stm32f4xx.o
    0x080046e2   0x080046e2   0x00000008   Data   RO            7    .constdata          system_stm32f4xx.o
    0x080046ea   0x080046ea   0x00000002   PAD
    0x080046ec   0x080046ec   0x00000014   Data   RO          273    .constdata          sd_diskio.o
    0x08004700   0x08004700   0x000000ac   Data   RO          412    .constdata          ff.o
    0x080047ac   0x080047ac   0x00000008   Data   RO         2408    .constdata          stm32f4xx_hal_dma.o
    0x080047b4   0x080047b4   0x00000020   Data   RO         3352    Region$$Table       anon$$obj.o


    Execution Region RW_IRAM1 (Exec base: 0x20000000, Load base: 0x080047d4, Size: 0x00006618, Max: 0x00020000, ABSOLUTE, COMPRESSED[0x00000350])

    Exec Addr    Load Addr    Size         Type   Attr      Idx    E Section Name        Object

    0x20000000   COMPRESSED   0x00000004   Data   RW            8    .data               system_stm32f4xx.o
    0x20000004   COMPRESSED   0x00000001   Data   RW          274    .data               sd_diskio.o
    0x20000005   COMPRESSED   0x00000003   PAD
    0x20000008   COMPRESSED   0x00000008   Data   RW          413    .data               ff.o
    0x20000010   COMPRESSED   0x00000005   Data   RW          882    .data               fatfs.o
    0x20000015   COMPRESSED   0x00000400   Data   RW         1006    .data               main.o
    0x20000415   COMPRESSED   0x00000003   PAD
    0x20000418   COMPRESSED   0x00000004   Data   RW         1860    .data               stm32f4xx_hal.o
    0x2000041c   COMPRESSED   0x00000004   Data   RW         3348    .data               mc_w.l(mvars.o)
    0x20000420   COMPRESSED   0x00000004   Data   RW         3349    .data               mc_w.l(mvars.o)
    0x20000424        -       0x0000000c   Zero   RW          145    .bss                ff_gen_drv.o
    0x20000430        -       0x00000018   Zero   RW          411    .bss                ff.o
    0x20000448        -       0x0000010c   Zero   RW         1002    .bss                main.o
    0x20000554        -       0x00000060   Zero   RW         1003    .bss                main.o
    0x200005b4        -       0x00000060   Zero   RW         1004    .bss                main.o
    0x20000614   COMPRESSED   0x00000004   PAD
    0x20000618        -       0x00002000   Zero   RW         1140    HEAP                startup_stm32f405xx.o
    0x20002618        -       0x00004000   Zero   RW         1139    STACK               startup_stm32f405xx.o


==============================================================================

Image component sizes


      Code (inc. data)   RO Data    RW Data    ZI Data      Debug   Object Name

       136         26          0          0          0       3502   bsp_driver_sd.o
       148         22          0          0          0       3741   diskio.o
        32         10          0          5          0       1410   fatfs.o
      5356         70        172          8         24      35857   ff.o
        70          4          0          0         12       6423   ff_gen_drv.o
      1976        126          0       1024        460      14346   main.o
       264         34         20          1          0       4508   sd_diskio.o
        36          8        392          0      24576        804   startup_stm32f405xx.o
       148         22          0          4          0       4431   stm32f4xx_hal.o
      1132         42          0          0          0       5865   stm32f4xx_hal_adc.o
       228         14          0          0          0      32149   stm32f4xx_hal_cortex.o
       760         22          8          0          0       4100   stm32f4xx_hal_dma.o
       476         50          0          0          0       4217   stm32f4xx_hal_gpio.o
       484         82          0          0          0       3040   stm32f4xx_hal_msp.o
      1392         80          0          0          0       5664   stm32f4xx_hal_rcc.o
      1928          4          0          0          0       9820   stm32f4xx_hal_sd.o
      1068          8          0          0          0       4136   stm32f4xx_hal_uart.o
        62         12          0          0          0       5535   stm32f4xx_it.o
      1532         42          0          0          0      21300   stm32f4xx_ll_sdmmc.o
        84         18         24          4          0     638383   system_stm32f4xx.o

    ----------------------------------------------------------------------
     17342        696        650       1052      25076     809231   Object Totals
         0          0         32          0          0          0   (incl. Generated)
        30          0          2          6          4          0   (incl. Padding)

    ----------------------------------------------------------------------

      Code (inc. data)   RO Data    RW Data    ZI Data      Debug   Library Member Name

        94          0          0          0          0          0   __dclz77c.o
         0          0          0          0          0          0   entry.o
         0          0          0          0          0          0   entry10a.o
         0          0          0          0          0          0   entry11a.o
         8          4          0          0          0          0   entry2.o
         4          0          0          0          0          0   entry5.o
         0          0          0          0          0          0   entry7b.o
         0          0          0          0          0          0   entry8b.o
         8          4          0          0          0          0   entry9a.o
        30          0          0          0          0          0   handlers.o
        36          8          0          0          0         68   init.o
       188         20          0          0          0        160   malloc.o
         0          0          0          8          0          0   mvars.o
        24          0          0          0          0         68   strcat.o

    ----------------------------------------------------------------------
       396         36          0          8          0        296   Library Totals
         4          0          0          0          0          0   (incl. Padding)

    ----------------------------------------------------------------------

      Code (inc. data)   RO Data    RW Data    ZI Data      Debug   Library Name

       392         36          0          8          0        296   mc_w.l

    ----------------------------------------------------------------------
       396         36          0          8          0        296   Library Totals

    ----------------------------------------------------------------------

==============================================================================


      Code (inc. data)   RO Data    RW Data    ZI Data      Debug   

     17738        732        650       1060      25076     794207   Grand Totals
     17738        732        650        848      25076     794207   ELF Image Totals (compressed)
     17738        732        650        848          0          0   ROM Totals

==============================================================================

    Total RO  Size (Code + RO Data)                18388 (  17.96kB)
    Total RW  Size (RW Data + ZI Data)             26136 (  25.52kB)
    Total ROM Size (Code + RO Data + RW Data)      19236 (  18.79kB)

==============================================================================

